******************************************************************************
                  TI ARM Linker PC v20.2.5                     
******************************************************************************
>> Linked Fri Jan 28 15:07:42 2022

OUTPUT FILE NAME:   <tcp_client_v4.out>
ENTRY POINT SYMBOL: "_c_int00"  address: 0001013d


MEMORY CONFIGURATION

         name            origin    length      used     unused   attr    fill
----------------------  --------  ---------  --------  --------  ----  --------
  FLASH                 00000000   00100000  00017a80  000e8580  R  X
  SRAM                  20000000   00040000  0001d66c  00022994  RW X


SEGMENT ALLOCATION MAP

run origin  load origin   length   init length attrs members
----------  ----------- ---------- ----------- ----- -------
00000000    00000000    00017a90   00017a90    r-x
  00000000    00000000    0000003c   0000003c    r-- .resetVecs
  00000040    00000040    00014eca   00014eca    r-x .text
  00014f10    00014f10    000026a2   000026a2    r-- .const
  000175b8    000175b8    000004d8   000004d8    r-- .cinit
20000000    20000000    00000360   00000000    rw-
  20000000    20000000    00000360   00000000    rw- .vecs
20000380    20000380    0001d310   00000000    rw-
  20000380    20000380    0001be98   00000000    rw- .bss
  2001c218    2001c218    00000c74   00000000    rw- .data
  2001ce90    2001ce90    00000800   00000000    rw- .stack


SECTION ALLOCATION MAP

 output                                  attributes/
section   page    origin      length       input sections
--------  ----  ----------  ----------   ----------------
.text      0    00000040    00014eca     
                  00000040    00000c68     stk.aem4f : tcpin.oem4f (.text:TcpInput)
                  00000ca8    00000a4e     rtsv7M4_T_le_v4SPD16_eabi.lib : _printfi.c.obj (.text:__TI_printfi)
                  000016f6    00000002     hal_userled_stub.aem4f : llled.oem4f (.text:LED_TOGGLE)
                  000016f8    000008b8     stk.aem4f : tcpout.oem4f (.text:TcpOutput)
                  00001fb0    00000430     sysbios.aem4f : BIOS.obj (.text:ti_sysbios_family_arm_m3_Hwi_excDumpRegs__I)
                  000023e0    00000408     stk.aem4f : ipout.oem4f (.text:IPTxPacket)
                  000027e8    00000384               : ipin.oem4f (.text:IPRxPacket)
                  00002b6c    0000034c     ti.targets.arm.rtsarm.aem4f : System.oem4f (.text:xdc_runtime_System_doPrint__I)
                  00002eb8    000002a0     rtsv7M4_T_le_v4SPD16_eabi.lib : mktime.c.obj (.text:__mktime32)
                  00003158    00000284     stk.aem4f : sock.oem4f (.text:SockSet)
                  000033dc    00000270     rtsv7M4_T_le_v4SPD16_eabi.lib : _printfi.c.obj (.text:_pconv_a)
                  0000364c    0000024c     stk.aem4f : ipfrag.oem4f (.text:IPReasm)
                  00003898    0000023c               : icmpin.oem4f (.text:ICMPInput)
                  00003ad4    0000023a     httpget.obj (.text:GPIOPadConfigSet)
                  00003d0e    00000002     stk.aem4f : nat.oem4f (.text:NatMsg)
                  00003d10    00000238               : udp.oem4f (.text:UdpInput)
                  00003f48    00000204     Boot.aem4f : Boot_sysctl.oem4f (.text:ti_catalog_arm_cortexm4_tiva_ce_Boot_sysCtlClockFreqSetI__I)
                  0000414c    000001f4     stk.aem4f : sock.oem4f (.text:SockRecv)
                  00004340    000001f4     sysbios.aem4f : BIOS.obj (.text:ti_sysbios_family_arm_m3_Hwi_excHandlerMax__I)
                  00004534    000001dc     httpget.obj (.text:SysCtlClockSet)
                  00004710    000001d0     rtsv7M4_T_le_v4SPD16_eabi.lib : _printfi.c.obj (.text:_pconv_g)
                  000048e0    000001c8     httpget.obj (.text:tempGet)
                  00004aa8    000001bc     httpget.obj (.text:Loop)
                  00004c64    000001b8     drivers_tivaware.aem4f : EMACSnow.oem4f (.text:EMACSnow_NIMUInit)
                  00004e1c    000001b6     rtsv7M4_T_le_v4SPD16_eabi.lib : fd_add_t2.asm.obj (.text)
                  00004fd2    00000002     os.aem4f : task.oem4f (.text:_TaskInit)
                  00004fd4    000001b0     stk.aem4f : lliout.oem4f (.text:LLITxIpPacket)
                  00005184    000001ac               : lliin.oem4f (.text:LLIRxPacket)
                  00005330    0000019c     os.aem4f : mem.oem4f (.text:mmAlloc)
                  000054cc    00000198     stk.aem4f : igmp.oem4f (.text:IGMPInput)
                  00005664    00000190               : sock.oem4f (.text:SockNew)
                  000057f4    00000174     netctrl_min_ipv4.aem4f : netctrl.oem4f (.text:NC_NetStart)
                  00005968    00000174     sysbios.aem4f : BIOS.obj (.text:ti_sysbios_family_arm_m3_Hwi_excBusFault__I)
                  00005adc    00000170     stk.aem4f : rtc.oem4f (.text:RTCReport)
                  00005c4c    0000016a               : sb.oem4f (.text:SBRead)
                  00005db6    00000002     os.aem4f : task.oem4f (.text:_TaskShutdown)
                  00005db8    00000164     sysbios.aem4f : BIOS.obj (.text:ti_sysbios_family_arm_m3_Hwi_excUsageFault__I)
                  00005f1c    00000160     stk.aem4f : sock.oem4f (.text:SockConnect)
                  0000607c    0000015c     httpget.obj (.text:recvTimeStamptFromNTP)
                  000061d8    00000158     nettool_ipv4.aem4f : dhcpmain.oem4f (.text:DHCPOpen)
                  00006330    00000150     drivers_tivaware.aem4f : GPIOTiva.oem4f (.text:GPIO_setConfig)
                  00006480    00000148     sysbios.aem4f : BIOS.obj (.text:ti_sysbios_family_arm_m3_Hwi_excMemFault__I)
                  000065c8    00000148                   : BIOS.obj (.text:ti_sysbios_knl_Event_pend__E)
                  00006710    00000148                   : BIOS.obj (.text:ti_sysbios_knl_Task_Instance_finalize__E)
                  00006858    00000144     stk.aem4f : bind.oem4f (.text:BindNew)
                  0000699c    00000140               : tcp.oem4f (.text:TcpTimeoutCheck)
                  00006adc    0000013c     nettool_ipv4.aem4f : config.oem4f (.text:CfgAddEntry)
                  00006c18    0000013c     stk.aem4f : sockint.oem4f (.text:SockNotify)
                  00006d54    0000013c               : sock.oem4f (.text:SockSend)
                  00006e90    0000013c     rtsv7M4_T_le_v4SPD16_eabi.lib : _printfi.c.obj (.text:_pconv_e)
                  00006fcc    00000136                                   : fd_div_t2.asm.obj (.text)
                  00007102    00000002     hal_ser_stub.aem4f : llserstb.oem4f (.text:_llSerialServiceCheck)
                  00007104    00000134     stk.aem4f : icmp.oem4f (.text:ICMPGenPacket)
                  00007238    00000134     rtsv7M4_T_le_v4SPD16_eabi.lib : localtim.c.obj (.text:__localtime32)
                  0000736c    00000131     httpget.obj (.text:sendData2Server)
                  0000749d    00000001     --HOLE-- [fill = 0]
                  0000749e    00000002     hal_ser_stub.aem4f : llserstb.oem4f (.text:_llSerialShutdown)
                  000074a0    0000012c     EK_TM4C1294XL.obj (.text:EK_TM4C1294XL_initEMAC)
                  000075cc    00000004     stk.aem4f : bind.oem4f (.text:BindGetIF)
                  000075d0    00000128     sysbios.aem4f : BIOS.obj (.text:ti_sysbios_knl_Semaphore_pend__E)
                  000076f8    00000124     stk.aem4f : sockpcb.oem4f (.text:SockPcbResolve)
                  0000781c    00000124               : udp.oem4f (.text:UdpOutput)
                  00007940    00000124     rtsv7M4_T_le_v4SPD16_eabi.lib : _printfi.c.obj (.text:fcvt)
                  00007a64    00000120     httpget_pem4f.oem4f (.text:ti_ndk_config_Global_stackThread)
                  00007b84    00000118     stk.aem4f : tcpout.oem4f (.text:TcpGenPacket)
                  00007c9c    00000118     ti.targets.arm.rtsarm.aem4f : Error.oem4f (.text:xdc_runtime_Error_policyDefault__E)
                  00007db4    00000114     stk.aem4f : nimu.oem4f (.text:NIMUIoctl)
                  00007ec8    00000114     rtsv7M4_T_le_v4SPD16_eabi.lib : fputs.c.obj (.text:fputs)
                  00007fdc    00000110     stk.aem4f : node.oem4f (.text:NodeTreeFree)
                  000080ec    00000110               : raw.oem4f (.text:RawInput)
                  000081fc    00000110     rtsv7M4_T_le_v4SPD16_eabi.lib : s_scalbn.c.obj (.text:scalbn)
                  0000830c    0000010c     stk.aem4f : rtable.oem4f (.text:RtFind)
                  00008418    0000010a               : route.oem4f (.text:RtCreate)
                  00008522    00000002     hal_userled_stub.aem4f : llled.oem4f (.text:_llUserLedInit)
                  00008524    00000108     drivers_tivaware.aem4f : EMACSnow.oem4f (.text:EMACSnow_emacStart)
                  0000862c    00000004     stk.aem4f : bind.oem4f (.text:BindGetNext)
                  00008630    00000108     sysbios.aem4f : BIOS.obj (.text:ti_sysbios_family_arm_lm4_Timer_start__E)
                  00008738    00000104     os.aem4f : task.oem4f (.text:llEnter)
                  0000883c    00000102     nettool_ipv4.aem4f : dhcppkt.oem4f (.text:dhcpPacketProcess)
                  0000893e    00000102                        : inetaddr.oem4f (.text:inet_aton)
                  00008a40    00000100     stk.aem4f : igmp.oem4f (.text:IGMPSendReply)
                  00008b40    00000100     ti.targets.arm.rtsarm.aem4f : Core-mem.oem4f (.text:xdc_runtime_Core_createObject__I)
                  00008c40    000000fc     netctrl_min_ipv4.aem4f : netctrl.oem4f (.text:NetScheduler)
                  00008d3c    000000fc     rtsv7M4_T_le_v4SPD16_eabi.lib : fd_mul_t2.asm.obj (.text)
                  00008e38    000000f8     stk.aem4f : pipe.oem4f (.text:PipeRecv)
                  00008f30    000000f8     ti.targets.arm.rtsarm.aem4f : Startup.oem4f (.text:xdc_runtime_Startup_startMods__I)
                  00009028    000000f8     httpget_pem4f.oem4f (.text:xdc_runtime_System_printfExtend__I)
                  00009120    000000f4     os.aem4f : task.oem4f (.text:TaskGetEnv)
                  00009214    000000f4     sysbios.aem4f : m3_Hwi_asm.obj (.text:ti_sysbios_family_arm_m3_Hwi_dispatch__I)
                  00009308    000000f4                   : BIOS.obj (.text:ti_sysbios_knl_Task_Instance_init__E)
                  000093fc    000000f0     stk.aem4f : lliout.oem4f (.text:LLIGenArpPacket)
                  000094ec    000000f0               : sock.oem4f (.text:SockClose)
                  000095dc    000000e8     os.aem4f : task.oem4f (.text:TaskSetEnv)
                  000096c4    000000e4     httpget.obj (.text:createTasks)
                  000097a8    000000e4     sysbios.aem4f : BIOS.obj (.text:ti_sysbios_knl_Task_postInit__I)
                  0000988c    000000e0     drivers_tivaware.aem4f : I2CTiva.oem4f (.text:I2CTiva_open)
                  0000996c    000000e0     stk.aem4f : tcptime.oem4f (.text:TcpTimeoutRexmt)
                  00009a4c    000000dc               : sb.oem4f (.text:SBWrite)
                  00009b28    000000dc     nettool_ipv4.aem4f : dhcpsock.oem4f (.text:dhcpSocketOpen)
                  00009c04    000000dc                        : dhcpsm.oem4f (.text:dhcpState)
                  00009ce0    000000dc     rtsv7M4_T_le_v4SPD16_eabi.lib : setvbuf.c.obj (.text:setvbuf)
                  00009dbc    000000d8     stk.aem4f : node.oem4f (.text:NodeAdd)
                  00009e94    000000d8               : tcpprot.oem4f (.text:TcpPrSetOption)
                  00009f6c    000000d6     drivers_tivaware.aem4f : I2CTiva.oem4f (.text:I2CTiva_hwiFxn)
                  0000a042    00000002     hal_userled_stub.aem4f : llled.oem4f (.text:_llUserLedShutdown)
                  0000a044    000000d4     drivers_tivaware.aem4f : EMACSnow.oem4f (.text:EMACSnow_handleRx)
                  0000a118    000000d4     stk.aem4f : sockpcb.oem4f (.text:SockPcbBind)
                  0000a1ec    00000004     driverlib.lib : i2c.obj (.text:I2CMasterControl)
                  0000a1f0    000000d4     sysbios.aem4f : BIOS.obj (.text:ti_sysbios_heaps_HeapMem_alloc__E)
                  0000a2c4    000000d1     stk.aem4f : nimu.oem4f (.text:NIMUReceivePacket)
                  0000a395    00000001     --HOLE-- [fill = 0]
                  0000a396    00000002     rtsv7M4_T_le_v4SPD16_eabi.lib : _lock.c.obj (.text:_nop)
                  0000a398    000000cc     stk.aem4f : icmp.oem4f (.text:ICMPSendRtAdv)
                  0000a464    000000cc     nettool_ipv4.aem4f : dhcpbild.oem4f (.text:dhcpBuildHeader)
                  0000a530    000000cc                        : dhcpsm.oem4f (.text:dhcpIPAdd)
                  0000a5fc    000000cc                        : dhcppkt.oem4f (.text:dhcpVerifyMessage)
                  0000a6c8    000000cc     ti.targets.arm.rtsarm.aem4f : Core-smem.oem4f (.text:xdc_runtime_Core_constructObject__I)
                  0000a794    000000c8     stk.aem4f : rawethsock.oem4f (.text:RawEthSockNew)
                  0000a85c    000000c8     netctrl_min_ipv4.aem4f : netsrv.oem4f (.text:SPIpNet)
                  0000a924    000000c4     drivers_tivaware.aem4f : EMACSnow.oem4f (.text:EMACSnow_InitDMADescriptors)
                  0000a9e8    000000c4     stk.aem4f : igmp.oem4f (.text:IGMPJoinHostGroup)
                  0000aaac    000000c4     nettool_ipv4.aem4f : dhcpsm.oem4f (.text:StateBound)
                  0000ab70    000000c0     sysbios.aem4f : BIOS.obj (.text:ti_sysbios_knl_Task_sleep__E)
                  0000ac30    000000bc     stk.aem4f : sockpcb.oem4f (.text:SockPcbFind)
                  0000acec    000000bc               : vlan.oem4f (.text:VLANDeinit)
                  0000ada8    000000bc     sysbios.aem4f : BIOS.obj (.text:ti_sysbios_family_arm_m3_Hwi_excDebugMon__I)
                  0000ae64    00000004     driverlib.lib : i2c.obj (.text:I2CMasterDataGet)
                  0000ae68    000000bc     sysbios.aem4f : BIOS.obj (.text:ti_sysbios_family_arm_m3_Hwi_excHardFault__I)
                  0000af24    00000004     driverlib.lib : i2c.obj (.text:I2CMasterDataPut)
                  0000af28    000000bc     sysbios.aem4f : BIOS.obj (.text:ti_sysbios_knl_Task_exit__E)
                  0000afe4    000000b8     EK_TM4C1294XL.obj (.text:EK_TM4C1294XL_initGeneral)
                  0000b09c    000000b8     stk.aem4f : icmpin.oem4f (.text:ICMPRevSrcRoute)
                  0000b154    000000b8     httpget.obj (.text:TempIn)
                  0000b20c    000000b8     stk.aem4f : lli.oem4f (.text:_LLITimeoutCheck)
                  0000b2c4    000000b4               : tcptime.oem4f (.text:TcpTimeoutKeep)
                  0000b378    000000b4     sysbios.aem4f : BIOS.obj (.text:ti_sysbios_knl_Task_checkStacks__E)
                  0000b42c    000000b1     rtsv7M4_T_le_v4SPD16_eabi.lib : _printfi.c.obj (.text:_ltostr)
                  0000b4dd    00000001     --HOLE-- [fill = 0]
                  0000b4de    000000b0     stk.aem4f : rawethsock.oem4f (.text:RawEthSockSet)
                  0000b58e    00000002     hal_ser_stub.aem4f : llserstb.oem4f (.text:llSerialService)
                  0000b590    000000ac     stk.aem4f : rtable.oem4f (.text:RtTimeoutCheck)
                  0000b63c    00000004     os.aem4f : ossys.oem4f (.text:NDK_vsprintf)
                  0000b640    000000ac     sysbios.aem4f : BIOS.obj (.text:ti_sysbios_family_arm_lm4_Timer_enableTiva__I)
                  0000b6ec    000000a8     stk.aem4f : sockint.oem4f (.text:SockCreatePacket)
                  0000b794    000000a4     httpget.obj (.text:GPIOIntTypeSet)
                  0000b838    000000a4     sysbios.aem4f : BIOS.obj (.text:ti_sysbios_knl_Task_setPri__E)
                  0000b8dc    000000a0     stk.aem4f : ip.oem4f (.text:IPGetRoute)
                  0000b97c    000000a0     auto_init.aem4f : auto_init.oem4f (.text)
                  0000ba1c    000000a0     ti.targets.arm.rtsarm.aem4f : Text.oem4f (.text:xdc_runtime_Text_putMod__E)
                  0000babc    0000009e     stk.aem4f : nimu.oem4f (.text:NIMUAddEthernetHeader)
                  0000bb5a    0000009e     nettool_ipv4.aem4f : dhcpbild.oem4f (.text:dhcpBuildRequest)
                  0000bbf8    0000009c     stk.aem4f : exec.oem4f (.text:ExecOpen)
                  0000bc94    0000009c     rtsv7M4_T_le_v4SPD16_eabi.lib : memcpy_t2.asm.obj (.text)
                  0000bd30    0000009a     ti.targets.arm.rtsarm.aem4f : Text.oem4f (.text:xdc_runtime_Text_putSite__E)
                  0000bdca    00000002     rtsv7M4_T_le_v4SPD16_eabi.lib : div0.asm.obj (.text)
                  0000bdcc    00000098     netctrl_min_ipv4.aem4f : netctrl.oem4f (.text:NC_SystemOpen)
                  0000be64    00000098                            : netsrv.oem4f (.text:ServiceScan)
                  0000befc    00000098     Boot.aem4f : Boot.oem4f (.text:ti_catalog_arm_cortexm4_tiva_ce_Boot_sysCtlClockFreqSet__E)
                  0000bf94    00000004     stk.aem4f : node.oem4f (.text:NodeSetRt)
                  0000bf98    00000098     sysbios.aem4f : BIOS.obj (.text:ti_sysbios_knl_Task_schedule__I)
                  0000c030    00000096     rtsv7M4_T_le_v4SPD16_eabi.lib : ull_div_t2.asm.obj (.text)
                  0000c0c6    00000002     httpget_pem4f.oem4f (.text:ti_ndk_config_Global_NetworkClose)
                  0000c0c8    00000094     nettool_ipv4.aem4f : config.oem4f (.text:CfgRemoveEntry)
                  0000c15c    00000004     stk.aem4f : rawethsock_prot.oem4f (.text:RawEthSockPrAttach)
                  0000c160    00000094     sysbios.aem4f : BIOS.obj (.text:ti_sysbios_family_arm_m3_Hwi_Instance_init__E)
                  0000c1f4    00000004     stk.aem4f : rawethsock_prot.oem4f (.text:RawEthSockPrDetach)
                  0000c1f8    00000094     sysbios.aem4f : BIOS.obj (.text:ti_sysbios_family_arm_m3_Hwi_initNVIC__E)
                  0000c28c    00000090     nettool_ipv4.aem4f : config.oem4f (.text:CfgExecute)
                  0000c31c    00000090     stk.aem4f : igmp.oem4f (.text:IGMPMsg)
                  0000c3ac    00000090     os.aem4f : mem.oem4f (.text:mmBulkAlloc)
                  0000c43c    00000004              : semaphore.oem4f (.text:SemPend)
                  0000c440    00000090     sysbios.aem4f : BIOS.obj (.text:ti_sysbios_knl_Task_Module_startup__E)
                  0000c4d0    00000090                   : BIOS.obj (.text:ti_sysbios_knl_Task_startCore__E)
                  0000c560    0000008c     drivers_tivaware.aem4f : GPIOTiva.oem4f (.text:GPIO_init)
                  0000c5ec    0000008c     stk.aem4f : ip.oem4f (.text:IPMsg)
                  0000c678    0000008c     httpget.obj (.text:SysCtlPeripheralReset)
                  0000c704    0000008c     httpget.obj (.text:TimerConfigure)
                  0000c790    0000008c     os.aem4f : mem.oem4f (.text:_mmInit)
                  0000c81c    0000008c     rtsv7M4_T_le_v4SPD16_eabi.lib : fputc.c.obj (.text:fputc)
                  0000c8a8    0000008c     httpget.obj (.text:main)
                  0000c934    0000008c     os.aem4f : mem.oem4f (.text:mmInitPage)
                  0000c9c0    0000008c     sysbios.aem4f : m3_TaskSupport_asm.obj (.text:ti_sysbios_family_arm_m3_TaskSupport_buildTaskStack)
                  0000ca4c    00000004     os.aem4f : semaphore.oem4f (.text:SemPost)
                  0000ca50    0000008c     sysbios.aem4f : BIOS.obj (.text:ti_sysbios_knl_Event_post__E)
                  0000cadc    0000008a     netctrl_min_ipv4.aem4f : netsrv.oem4f (.text:SPRoute)
                  0000cb66    00000002     httpget_pem4f.oem4f (.text:ti_ndk_config_Global_NetworkOpen)
                  0000cb68    00000088     netctrl_min_ipv4.aem4f : netsrv.oem4f (.text:ServiceSpawn)
                  0000cbf0    00000088     stk.aem4f : sockpcb.oem4f (.text:SockPcbCtlError)
                  0000cc78    00000088     sysbios.aem4f : BIOS.obj (.text:ti_sysbios_knl_Mailbox_post__E)
                  0000cd00    00000087     httpget_pem4f.oem4f (.text:ti_ndk_config_Global_NetworkIPAddr)
                  0000cd87    00000001     --HOLE-- [fill = 0]
                  0000cd88    00000086     nettool_ipv4.aem4f : dhcpsm.oem4f (.text:StateRequesting)
                  0000ce0e    00000086     rtsv7M4_T_le_v4SPD16_eabi.lib : fd_cmp_t2.asm.obj (.text:__aeabi_cdcmple)
                  0000ce94    00000086                                   : fd_cmp_t2.asm.obj (.text:__aeabi_cdrcmple)
                  0000cf1a    00000002     httpget_pem4f.oem4f (.text:ti_sysbios_BIOS_nullFunc__I)
                  0000cf1c    00000084     nettool_ipv4.aem4f : config.oem4f (.text:CfgGetEntry)
                  0000cfa0    00000084     drivers_tivaware.aem4f : EMACSnow.oem4f (.text:EMACSnow_processPhyInterrupt)
                  0000d024    00000084     stk.aem4f : tcpprot.oem4f (.text:TcpPrAttach)
                  0000d0a8    00000084     os.aem4f : mem.oem4f (.text:mmBulkFree)
                  0000d12c    00000084              : mem.oem4f (.text:mmFree)
                  0000d1b0    00000084     sysbios.aem4f : BIOS.obj (.text:ti_sysbios_family_arm_m3_Hwi_postInit__I)
                  0000d234    00000082     nettool_ipv4.aem4f : dhcpsm.oem4f (.text:StateRenewRebind)
                  0000d2b6    00000002     httpget_pem4f.oem4f (.text:xdc_runtime_Startup_reset__I)
                  0000d2b8    00000080     drivers_tivaware.aem4f : EMACSnow.oem4f (.text:EMACSnow_emacStop)
                  0000d338    00000080                            : EMACSnow.oem4f (.text:EMACSnow_processPendingTx)
                  0000d3b8    00000080     stk.aem4f : lli.oem4f (.text:LLINew)
                  0000d438    00000080     netctrl_min_ipv4.aem4f : netsrv.oem4f (.text:NS_BootTask)
                  0000d4b8    00000080     stk.aem4f : pbm.oem4f (.text:PBM_alloc)
                  0000d538    00000080               : raw.oem4f (.text:RawOutput)
                  0000d5b8    0000007e     drivers_tivaware.aem4f : I2CTiva.oem4f (.text:I2CTiva_transfer)
                  0000d636    0000007e     stk.aem4f : fileuser.oem4f (.text:fdClose)
                  0000d6b4    0000007c     nettool_ipv4.aem4f : config.oem4f (.text:CfgGetNextEntry)
                  0000d730    0000007c     drivers_tivaware.aem4f : EMACSnow.oem4f (.text:EMACSnow_hwiIntFxn)
                  0000d7ac    0000007c     stk.aem4f : igmp.oem4f (.text:IGMPDoMCast)
                  0000d828    0000007c               : igmp.oem4f (.text:IGMPJoin)
                  0000d8a4    0000007c               : socket.oem4f (.text:NDK_setsockopt)
                  0000d920    0000007c               : nimu.oem4f (.text:NIMURegister)
                  0000d99c    0000007c               : pbm.oem4f (.text:PBM_free)
                  0000da18    0000007c     nettool_ipv4.aem4f : inetaddr.oem4f (.text:inet_pton)
                  0000da94    00000004     os.aem4f : semaphore.oem4f (.text:SemReset)
                  0000da98    0000007c     sysbios.aem4f : BIOS.obj (.text:ti_sysbios_heaps_HeapMem_free__E)
                  0000db14    0000007a     rtsv7M4_T_le_v4SPD16_eabi.lib : memset_t2.asm.obj (.text)
                  0000db8e    00000002     --HOLE-- [fill = 0]
                  0000db90    00000078     driverlib.lib : emac.obj (.text:EMACInit)
                  0000dc08    00000078     stk.aem4f : socket.oem4f (.text:NDK_sendto)
                  0000dc80    00000078               : tcptime.oem4f (.text:TcpXmitTimer)
                  0000dcf8    00000078               : fileuser.oem4f (.text:fdOpenSession)
                  0000dd70    00000078     os.aem4f : task.oem4f (.text:llExit)
                  0000dde8    00000076     stk.aem4f : pipe.oem4f (.text:PipeSend)
                  0000de5e    00000002     --HOLE-- [fill = 0]
                  0000de60    00000075               : tcptime.oem4f (.text:TcpTimeoutSackRexmt)
                  0000ded5    00000003     --HOLE-- [fill = 0]
                  0000ded8    00000074               : igmp.oem4f (.text:IGMPLeaveHostGroup)
                  0000df4c    00000074               : nimu.oem4f (.text:NIMUShutdown)
                  0000dfc0    00000074               : raweth.oem4f (.text:RawEthRxPacket)
                  0000e034    00000074               : sockpcb.oem4f (.text:SockPcbConnect)
                  0000e0a8    00000074     rtsv7M4_T_le_v4SPD16_eabi.lib : fclose.c.obj (.text:__TI_closefile)
                  0000e11c    00000004     os.aem4f : task.oem4f (.text:TaskSelf)
                  0000e120    00000074     sysbios.aem4f : BIOS.obj (.text:ti_sysbios_knl_Mailbox_pend__E)
                  0000e194    00000072     os.aem4f : semaphore.oem4f (.text:SemCreateBinary)
                  0000e206    00000070     stk.aem4f : socket.oem4f (.text:NDK_send)
                  0000e276    00000002     --HOLE-- [fill = 0]
                  0000e278    00000070               : rtable.oem4f (.text:RtFlush)
                  0000e2e8    00000070     netctrl_min_ipv4.aem4f : netsrv.oem4f (.text:SPConfig)
                  0000e358    00000070     stk.aem4f : sock.oem4f (.text:SockShutdown)
                  0000e3c8    00000070     nettool_ipv4.aem4f : dhcptags.oem4f (.text:dhcpDecodeType)
                  0000e438    00000070     sysbios.aem4f : BIOS.obj (.text:ti_sysbios_knl_Clock_workFunc__E)
                  0000e4a8    0000006e     stk.aem4f : socket.oem4f (.text:NDK_recv)
                  0000e516    00000002     --HOLE-- [fill = 0]
                  0000e518    0000006e               : rtable.oem4f (.text:RtWalkNext)
                  0000e586    0000006e               : sockpcb.oem4f (.text:SockPcbFindRaw)
                  0000e5f4    0000006e     rtsv7M4_T_le_v4SPD16_eabi.lib : _printfi.c.obj (.text:_mcpy)
                  0000e662    0000006e                                   : ll_div_t2.asm.obj (.text)
                  0000e6d0    0000006d     stk.aem4f : node.oem4f (.text:NodeNew)
                  0000e73d    00000003     --HOLE-- [fill = 0]
                  0000e740    0000006d     ti.targets.arm.rtsarm.aem4f : System.oem4f (.text:xdc_runtime_System_formatNum__I)
                  0000e7ad    00000003     --HOLE-- [fill = 0]
                  0000e7b0    0000006c     os.aem4f : ossys.oem4f (.text:DbgPrintf)
                  0000e81c    0000006c     rtsv7M4_T_le_v4SPD16_eabi.lib : hostrename.c.obj (.text:HOSTrename)
                  0000e888    0000006c     stk.aem4f : node.oem4f (.text:NodeTreeNew)
                  0000e8f4    0000006c               : raweth.oem4f (.text:RawEthTxPacket)
                  0000e960    0000006c               : udp.oem4f (.text:UdpChecksum)
                  0000e9cc    0000006c     rtsv7M4_T_le_v4SPD16_eabi.lib : asctime.c.obj (.text:asctime)
                  0000ea38    0000006c     httpget_pem4f.oem4f (.text:ti_ndk_config_ip_init)
                  0000eaa4    00000004     os.aem4f : task.oem4f (.text:TaskSetPri)
                  0000eaa8    0000006c     sysbios.aem4f : BIOS.obj (.text:ti_sysbios_knl_Swi_restoreHwi__E)
                  0000eb14    0000006c     ti.targets.arm.rtsarm.aem4f : Error.oem4f (.text:xdc_runtime_Error_print__E)
                  0000eb80    0000006c                                 : Memory.oem4f (.text:xdc_runtime_Memory_alloc__E)
                  0000ebec    0000006a     stk.aem4f : tcpprot.oem4f (.text:TcpPrInherit)
                  0000ec56    00000002     --HOLE-- [fill = 0]
                  0000ec58    00000068     EK_TM4C1294XL.obj (.text:EK_TM4C1294XL_initI2C)
                  0000ecc0    00000068     httpget.obj (.text:GPIOPinConfigure)
                  0000ed28    00000068     rtsv7M4_T_le_v4SPD16_eabi.lib : hostlseek.c.obj (.text:HOSTlseek)
                  0000ed90    00000068     stk.aem4f : socket.oem4f (.text:NDK_socket)
                  0000edf8    00000068               : pbm.oem4f (.text:PBM_open)
                  0000ee60    00000068     httpget.obj (.text:TIME_CALC)
                  0000eec8    00000068     stk.aem4f : rtable.oem4f (.text:_RtNodeInsert)
                  0000ef30    00000068     httpget.obj (.text:clientSocketTask)
                  0000ef98    00000068     rtsv7M4_T_le_v4SPD16_eabi.lib : copy_decompress_lzss.c.obj (.text:decompress:lzss:__TI_decompress_lzss)
                  0000f000    00000068                                   : printf.c.obj (.text:printf)
                  0000f068    00000066     ti.targets.arm.rtsarm.aem4f : Core-mem.oem4f (.text:xdc_runtime_Core_deleteObject__I)
                  0000f0ce    00000002     --HOLE-- [fill = 0]
                  0000f0d0    00000064     nettool_ipv4.aem4f : config.oem4f (.text:CfgFree)
                  0000f134    00000064     drivers_tivaware.aem4f : GPIOTiva.oem4f (.text:GPIO_hwiIntFxn)
                  0000f198    00000064     stk.aem4f : pbm.oem4f (.text:PBMQ_enq)
                  0000f1fc    00000064               : sockint.oem4f (.text:SockSpawnAbort)
                  0000f260    00000064     rtsv7M4_T_le_v4SPD16_eabi.lib : s_frexp.c.obj (.text:frexp)
                  0000f2c4    00000064                                   : fseek.c.obj (.text:fseek)
                  0000f328    00000064     hal_timer_bios.aem4f : lltimer.oem4f (.text:llTimerTick)
                  0000f38c    00000064     httpget_pem4f.oem4f (.text:ti_sysbios_family_arm_m3_Hwi_create)
                  0000f3f0    00000064     sysbios.aem4f : BIOS.obj (.text:ti_sysbios_family_arm_m3_Hwi_dispatchC__I)
                  0000f454    00000004     hal_ser_stub.aem4f : llserstb.oem4f (.text:_llSerialInit)
                  0000f458    00000064     sysbios.aem4f : BIOS.obj (.text:ti_sysbios_knl_Semaphore_post__E)
                  0000f4bc    00000064     stk.aem4f : lliin.oem4f (.text:updateRtTable)
                  0000f520    00000062     drivers_tivaware.aem4f : I2CTiva.oem4f (.text:I2CTiva_primeTransfer)
                  0000f582    00000062     stk.aem4f : ipin.oem4f (.text:IPRouteIP)
                  0000f5e4    00000062               : sb.oem4f (.text:SBNew)
                  0000f646    00000062     rtsv7M4_T_le_v4SPD16_eabi.lib : _io_perm.c.obj (.text:__TI_wrt_ok)
                  0000f6a8    00000060     nettool_ipv4.aem4f : config.oem4f (.text:CfgGetEntryCnt)
                  0000f708    00000060     stk.aem4f : file.oem4f (.text:FdWaitEvent)
                  0000f768    00000060     rtsv7M4_T_le_v4SPD16_eabi.lib : hostopen.c.obj (.text:HOSTopen)
                  0000f7c8    00000060     stk.aem4f : nimu.oem4f (.text:NIMUUnregister)
                  0000f828    00000060               : node.oem4f (.text:NodeFind)
                  0000f888    00000060               : rtc.oem4f (.text:RTCMsg)
                  0000f8e8    00000060               : tcp.oem4f (.text:TcpChecksum)
                  0000f948    00000060     nettool_ipv4.aem4f : dhcptags.oem4f (.text:dhcpBuildOptions)
                  0000f9a8    00000060     httpget_pem4f.oem4f (.text:ti_ndk_config_Global_serviceReport)
                  0000fa08    0000005e     stk.aem4f : route.oem4f (.text:RtRemove)
                  0000fa66    0000005e     nettool_ipv4.aem4f : dhcpsm.oem4f (.text:StateSelecting)
                  0000fac4    0000005e     stk.aem4f : vlan.oem4f (.text:VLANReceivePacket)
                  0000fb22    00000002     --HOLE-- [fill = 0]
                  0000fb24    0000005c     nettool_ipv4.aem4f : config.oem4f (.text:CfgSetExecuteOrder)
                  0000fb80    0000005c     httpget.obj (.text:GPIODirModeSet)
                  0000fbdc    0000005c     stk.aem4f : nimu.oem4f (.text:NIMUIoctlSpecialCmd)
                  0000fc38    0000005c     netctrl_min_ipv4.aem4f : netsrv.oem4f (.text:SPService)
                  0000fc94    0000005c     rtsv7M4_T_le_v4SPD16_eabi.lib : close.c.obj (.text:close)
                  0000fcf0    0000005c     httpget_pem4f.oem4f (.text:ti_sysbios_knl_Swi_create)
                  0000fd4c    00000004     rtsv7M4_T_le_v4SPD16_eabi.lib : printf.c.obj (.text:_outc)
                  0000fd50    0000005c     sysbios.aem4f : BIOS.obj (.text:ti_sysbios_knl_Swi_run__I)
                  0000fdac    00000004     rtsv7M4_T_le_v4SPD16_eabi.lib : printf.c.obj (.text:_outs)
                  0000fdb0    0000005c     sysbios.aem4f : BIOS.obj (.text:ti_sysbios_knl_Swi_schedule__I)
                  0000fe0c    0000005c     httpget_pem4f.oem4f (.text:ti_sysbios_knl_Task_create)
                  0000fe68    0000005c     sysbios.aem4f : BIOS.obj (.text:ti_sysbios_knl_Task_unblockI__E)
                  0000fec4    0000005b     ti.targets.arm.rtsarm.aem4f : Text.oem4f (.text:xdc_runtime_Text_putLab__E)
                  0000ff1f    00000001     --HOLE-- [fill = 0]
                  0000ff20    0000005a     stk.aem4f : route.oem4f (.text:RtRedirect)
                  0000ff7a    0000005a               : tcpprot.oem4f (.text:TcpValidateMetrics)
                  0000ffd4    0000005a     nettool_ipv4.aem4f : dhcpbild.oem4f (.text:dhcpBuildDecline)
                  0001002e    0000005a     os.aem4f : mem.oem4f (.text:mmCopy)
                  00010088    0000005a     httpget_pem4f.oem4f (.text:ti_ndk_config_tcp_init)
                  000100e2    00000002     --HOLE-- [fill = 0]
                  000100e4    00000058     stk.aem4f : bind.oem4f (.text:BindFree)
                  0001013c    00000058     boot.aem4f : boot.oem4f (.text)
                  00010194    00000058     driverlib.lib : emac.obj (.text:EMACPHYConfigSet)
                  000101ec    00000058     rtsv7M4_T_le_v4SPD16_eabi.lib : hostread.c.obj (.text:HOSTread)
                  00010244    00000058                                   : hostwrite.c.obj (.text:HOSTwrite)
                  0001029c    00000058     stk.aem4f : igmp.oem4f (.text:IGMPTimer)
                  000102f4    00000058     os.aem4f : semaphore.oem4f (.text:SemCreate)
                  0001034c    00000058     httpget_pem4f.oem4f (.text:ti_sysbios_family_arm_m3_Hwi_construct)
                  000103a4    00000058     sysbios.aem4f : m3_Hwi_asm_switch.obj (.text:ti_sysbios_family_arm_m3_Hwi_initStacks__E)
                  000103fc    00000056     rtsv7M4_T_le_v4SPD16_eabi.lib : _printfi.c.obj (.text:_pconv_f)
                  00010452    00000002     --HOLE-- [fill = 0]
                  00010454    00000054     nettool_ipv4.aem4f : config.oem4f (.text:CfgEntryDeRef)
                  000104a8    00000054     stk.aem4f : igmp.oem4f (.text:IGMPLeave)
                  000104fc    00000054               : rawethsock_pcb.oem4f (.text:RawEthSockPcbAttach)
                  00010550    00000054               : sockpcb.oem4f (.text:SockCleanPcb)
                  000105a4    00000054               : tcptime.oem4f (.text:TcpTimeoutPersist)
                  000105f8    00000054     rtsv7M4_T_le_v4SPD16_eabi.lib : _ltoa.c.obj (.text:__TI_ltoa)
                  0001064c    00000004                                   : exit.c.obj (.text:abort:abort)
                  00010650    00000054     sysbios.aem4f : BIOS.obj (.text:ti_sysbios_family_arm_lm4_Timer_initDevice__I)
                  000106a4    00000004     stk.aem4f : listlib.oem4f (.text:list_get_head)
                  000106a8    00000054     sysbios.aem4f : BIOS.obj (.text:ti_sysbios_knl_Swi_Instance_init__E)
                  000106fc    00000054     ti.targets.arm.rtsarm.aem4f : Assert.oem4f (.text:xdc_runtime_Assert_raise__I)
                  00010750    00000052     stk.aem4f : tcpprot.oem4f (.text:TcpPrDetach)
                  000107a2    00000052     rtsv7M4_T_le_v4SPD16_eabi.lib : _printfi.c.obj (.text:_ecpy)
                  000107f4    00000050     drivers_tivaware.aem4f : GPIOTiva.oem4f (.text:GPIO_setCallback)
                  00010844    00000050     stk.aem4f : socket.oem4f (.text:NDK_bind)
                  00010894    00000050               : socket.oem4f (.text:NDK_connect)
                  000108e4    00000050               : route.oem4f (.text:RtNew)
                  00010934    00000050     Boot.aem4f : Boot_sysctl.oem4f (.text:_SysCtlFrequencyGet)
                  00010984    00000004     stk.aem4f : listlib.oem4f (.text:list_get_next)
                  00010988    00000050     sysbios.aem4f : BIOS.obj (.text:ti_sysbios_family_arm_m3_Hwi_Module_startup__E)
                  000109d8    00000050     ti.targets.arm.rtsarm.aem4f : Startup.oem4f (.text:xdc_runtime_Startup_exec__E)
                  00010a28    00000050                                 : Text.oem4f (.text:xdc_runtime_Text_visitRope2__I)
                  00010a78    0000004e     stk.aem4f : node.oem4f (.text:NodeDeRef)
                  00010ac6    0000004e     nettool_ipv4.aem4f : config.oem4f (.text:_CfgEntryScan)
                  00010b14    0000004c                        : ipaddr.oem4f (.text:NtAddNetwork)
                  00010b60    0000004c     stk.aem4f : sockint.oem4f (.text:SockValidateRoute)
                  00010bac    0000004c     rtsv7M4_T_le_v4SPD16_eabi.lib : fflush.c.obj (.text:__TI_doflush)
                  00010bf8    0000004c                                   : atoi.c.obj (.text:atoi)
                  00010c44    0000004c                                   : cpy_tbl.c.obj (.text:copy_in)
                  00010c90    0000004c                                   : snprintf.c.obj (.text:snprintf)
                  00010cdc    00000004     httpget_pem4f.oem4f (.text:ti_sysbios_BIOS_RtsGateProxy_enter__E)
                  00010ce0    0000004c     sysbios.aem4f : BIOS.obj (.text:ti_sysbios_heaps_HeapMem_getStats__E)
                  00010d2c    00000004     httpget_pem4f.oem4f (.text:ti_sysbios_BIOS_RtsGateProxy_leave__E)
                  00010d30    0000004c     sysbios.aem4f : BIOS.obj (.text:ti_sysbios_knl_Swi_runLoop__I)
                  00010d7c    00000004                   : BIOS.obj (.text:ti_sysbios_family_arm_lm4_Timer_masterEnable__I)
                  00010d80    0000004c                   : BIOS.obj (.text:ti_sysbios_knl_Task_allBlockedFunction__I)
                  00010dcc    0000004a     netctrl_min_ipv4.aem4f : netsrv.oem4f (.text:ServiceKill)
                  00010e16    0000004a     stk.aem4f : sock.oem4f (.text:SockDisconnect)
                  00010e60    0000004a               : timer.oem4f (.text:TimerNew)
                  00010eaa    00000048     nettool_ipv4.aem4f : config.oem4f (.text:CfgNew)
                  00010ef2    00000002     --HOLE-- [fill = 0]
                  00010ef4    00000048     driverlib.lib : i2c.obj (.text:I2CMasterInitExpClk)
                  00010f3c    00000048     stk.aem4f : lli.oem4f (.text:LLIMsg)
                  00010f84    00000048               : node.oem4f (.text:NodeWalk)
                  00010fcc    00000048               : rawethsock_pcb.oem4f (.text:RawEthSockPcbDetach)
                  00011014    00000048               : sockpcb.oem4f (.text:SockPcbResolveChain)
                  0001105c    00000048               : tcpprot.oem4f (.text:TcpDrop)
                  000110a4    00000048               : lli.oem4f (.text:_LLIExpListInsert)
                  000110ec    00000048               : rtable.oem4f (.text:_RtExpListInsert)
                  00011134    00000048     rtsv7M4_T_le_v4SPD16_eabi.lib : exit.c.obj (.text:exit)
                  0001117c    00000048     stk.aem4f : file.oem4f (.text:fdint_lockfd)
                  000111c4    00000048     rtsv7M4_T_le_v4SPD16_eabi.lib : fd_toi_t2.asm.obj (.text)
                  0001120c    00000004     httpget_pem4f.oem4f (.text:ti_sysbios_family_arm_m3_Hwi_delete)
                  00011210    00000048     sysbios.aem4f : BIOS.obj (.text:ti_sysbios_family_arm_lm4_Timer_enableTimers__I)
                  00011258    00000048                   : BIOS.obj (.text:ti_sysbios_family_arm_m3_Hwi_disableInterrupt__E)
                  000112a0    00000048                   : BIOS.obj (.text:ti_sysbios_family_arm_m3_Hwi_enableInterrupt__E)
                  000112e8    00000048                   : BIOS.obj (.text:ti_sysbios_family_arm_m3_Hwi_excReserved__I)
                  00011330    00000048                   : BIOS.obj (.text:ti_sysbios_knl_Mailbox_Module_startup__E)
                  00011378    00000048                   : BIOS.obj (.text:ti_sysbios_knl_Task_deleteTerminatedTasksFunc__I)
                  000113c0    00000046     nettool_ipv4.aem4f : ipaddr.oem4f (.text:NtIfIdx2Ip)
                  00011406    00000046     stk.aem4f : rawethsock.oem4f (.text:RawEthSockSend)
                  0001144c    00000046               : tcpprot.oem4f (.text:TcpPrCtlError)
                  00011492    00000046     os.aem4f : mem.oem4f (.text:mmZeroInit)
                  000114d8    00000046     ti.targets.arm.rtsarm.aem4f : Core-params.oem4f (.text:xdc_runtime_Core_assignParams__I)
                  0001151e    00000002     --HOLE-- [fill = 0]
                  00011520    00000044     drivers_tivaware.aem4f : EMACSnow.oem4f (.text:EMACSnow_processTransmitted)
                  00011564    00000044     rtsv7M4_T_le_v4SPD16_eabi.lib : hostclose.c.obj (.text:HOSTclose)
                  000115a8    00000044                                   : hostunlink.c.obj (.text:HOSTunlink)
                  000115ec    00000044     stk.aem4f : icmp.oem4f (.text:ICMPChecksum)
                  00011630    00000044               : ipfrag.oem4f (.text:IPReasmFree)
                  00011674    00000044               : lli.oem4f (.text:LLIGetValidTime)
                  000116b8    00000044               : rtable.oem4f (.text:RouteMsg)
                  000116fc    00000044               : rtable.oem4f (.text:RtWalkEnd)
                  00011740    00000044               : sockpcb.oem4f (.text:SockPcbDetach)
                  00011784    00000044     httpget.obj (.text:SysCtlPeripheralReady)
                  000117c8    00000044     stk.aem4f : timer.oem4f (.text:TimerListInsert)
                  0001180c    00000044     rtsv7M4_T_le_v4SPD16_eabi.lib : getdevice.c.obj (.text:getdevice)
                  00011850    00000044     hal_timer_bios.aem4f : lltimer.oem4f (.text:llTimerGetTime)
                  00011894    00000044     rtsv7M4_T_le_v4SPD16_eabi.lib : fd_tou_t2.asm.obj (.text)
                  000118d8    00000044     sysbios.aem4f : BIOS.obj (.text:ti_sysbios_family_arm_lm4_Timer_isrStub__E)
                  0001191c    00000004     httpget_pem4f.oem4f (.text:ti_sysbios_family_arm_m3_Hwi_destruct)
                  00011920    00000044     sysbios.aem4f : BIOS.obj (.text:ti_sysbios_family_arm_m3_Hwi_getStackInfo__E)
                  00011964    00000004     httpget_pem4f.oem4f (.text:ti_sysbios_family_arm_m3_TaskSupport_Module__startupDone__S)
                  00011968    00000044     sysbios.aem4f : BIOS.obj (.text:ti_sysbios_knl_Swi_post__E)
                  000119ac    00000044     ti.targets.arm.rtsarm.aem4f : Error.oem4f (.text:xdc_runtime_Error_setX__E)
                  000119f0    00000044                                 : SysMin.oem4f (.text:xdc_runtime_SysMin_flush__E)
                  00011a34    00000044                                 : Text.oem4f (.text:xdc_runtime_Text_xprintf__I)
                  00011a78    00000042     stk.aem4f : tcpprot.oem4f (.text:TcpPrSendOOB)
                  00011aba    00000042               : fileuser.oem4f (.text:fdCloseSession)
                  00011afc    00000040               : lliin.oem4f (.text:LLIValidateRoute)
                  00011b3c    00000040               : pbm.oem4f (.text:PBM_copy)
                  00011b7c    00000040               : sockpcb.oem4f (.text:SockPcbRtChange)
                  00011bbc    00000040     httpget.obj (.text:SysCtlPeripheralEnable)
                  00011bfc    00000040     stk.aem4f : tcpprot.oem4f (.text:TcpPrSend)
                  00011c3c    00000040     rtsv7M4_T_le_v4SPD16_eabi.lib : u_divt2.asm.obj (.text)
                  00011c7c    00000040     httpget.obj (.text:socketTask)
                  00011cbc    00000040     rtsv7M4_T_le_v4SPD16_eabi.lib : sprintf.c.obj (.text:sprintf)
                  00011cfc    00000004     httpget_pem4f.oem4f (.text:ti_sysbios_heaps_HeapMem_Module_GateProxy_enter__E)
                  00011d00    00000040     sysbios.aem4f : BIOS.obj (.text:ti_sysbios_family_arm_lm4_Timer_Module_startup__E)
                  00011d40    00000040                   : BIOS.obj (.text:ti_sysbios_family_arm_lm4_Timer_startup__E)
                  00011d80    00000040                   : BIOS.obj (.text:ti_sysbios_heaps_HeapMem_Instance_init__E)
                  00011dc0    0000003e     nettool_ipv4.aem4f : dhcpmain.oem4f (.text:DHCPClose)
                  00011dfe    00000002     --HOLE-- [fill = 0]
                  00011e00    0000003e     stk.aem4f : nimu.oem4f (.text:NIMUAllocateName)
                  00011e3e    0000003e     os.aem4f : task.oem4f (.text:TaskCreate)
                  00011e7c    0000003e     stk.aem4f : tcpprot.oem4f (.text:TcpPrDisconnect)
                  00011eba    0000003e     rtsv7M4_T_le_v4SPD16_eabi.lib : _printfi.c.obj (.text:_fcpy)
                  00011ef8    0000003e     stk.aem4f : file.oem4f (.text:fdint_unlockfd)
                  00011f36    0000003c     nettool_ipv4.aem4f : config.oem4f (.text:CfgEntryGetData)
                  00011f72    0000003c     driverlib.lib : emac.obj (.text:EMACIntDisable)
                  00011fae    0000003c     stk.aem4f : node.oem4f (.text:NodeUpdatePL)
                  00011fea    00000002     --HOLE-- [fill = 0]
                  00011fec    0000003c               : rtable.oem4f (.text:RtWalkBegin)
                  00012028    0000003c               : tcpprot.oem4f (.text:TcpPrConnect)
                  00012064    0000003c               : tcptime.oem4f (.text:TcpSetPersist)
                  000120a0    0000003c               : rtc.oem4f (.text:_RTCSendRtAdv)
                  000120dc    0000003c               : rtable.oem4f (.text:_RtNodeRemove)
                  00012118    0000003c     hal_timer_bios.aem4f : lltimer.oem4f (.text:_llTimerInit)
                  00012154    00000004     httpget_pem4f.oem4f (.text:ti_sysbios_heaps_HeapMem_Module_GateProxy_leave__E)
                  00012158    0000003c     sysbios.aem4f : BIOS.obj (.text:ti_sysbios_family_arm_m3_Hwi_excSvCall__I)
                  00012194    00000004     httpget_pem4f.oem4f (.text:ti_sysbios_knl_Clock_TimerProxy_getMaxTicks__E)
                  00012198    0000003c     sysbios.aem4f : BIOS.obj (.text:ti_sysbios_heaps_HeapMem_init__I)
                  000121d4    00000004     httpget_pem4f.oem4f (.text:ti_sysbios_knl_Queue_destruct)
                  000121d8    0000003c     sysbios.aem4f : BIOS.obj (.text:ti_sysbios_knl_Clock_Instance_init__E)
                  00012214    00000004     httpget_pem4f.oem4f (.text:ti_sysbios_knl_Semaphore_delete)
                  00012218    0000003c     sysbios.aem4f : BIOS.obj (.text:ti_sysbios_knl_Swi_restore__E)
                  00012254    0000003a     driverlib.lib : emac.obj (.text:EMACIntEnable)
                  0001228e    0000003a     drivers_tivaware.aem4f : I2CTiva.oem4f (.text:I2CTiva_completeTransfer)
                  000122c8    00000038     driverlib.lib : emac.obj (.text:EMACConfigGet)
                  00012300    00000038     drivers_tivaware.aem4f : I2C.oem4f (.text:I2C_init)
                  00012338    00000038     stk.aem4f : ipfrag.oem4f (.text:IPReasmTimeout)
                  00012370    00000038               : node.oem4f (.text:NodeGetRt)
                  000123a8    00000038               : tcpprot.oem4f (.text:TcpClose)
                  000123e0    00000038               : timer.oem4f (.text:TimerHSTick)
                  00012418    00000038     rtsv7M4_T_le_v4SPD16_eabi.lib : trgmsg.c.obj (.text:__TI_writemsg)
                  00012450    00000038     nettool_ipv4.aem4f : dhcpbild.oem4f (.text:dhcpBuildDiscover)
                  00012488    00000038                        : dhcptags.oem4f (.text:dhcpOptionsClear)
                  000124c0    00000038     stk.aem4f : file.oem4f (.text:fdint_waitevent)
                  000124f8    00000038     rtsv7M4_T_le_v4SPD16_eabi.lib : fs_tod_t2.asm.obj (.text)
                  00012530    00000038     sysbios.aem4f : BIOS.obj (.text:ti_sysbios_family_arm_m3_Hwi_excNoIsr__I)
                  00012568    00000038     httpget_pem4f.oem4f (.text:ti_sysbios_knl_Clock_create)
                  000125a0    00000038     ti.targets.arm.rtsarm.aem4f : SysMin.oem4f (.text:xdc_runtime_SysMin_putch__E)
                  000125d8    00000038                                 : System.oem4f (.text:xdc_runtime_System_atexit__E)
                  00012610    00000036     drivers_tivaware.aem4f : I2CTiva.oem4f (.text:I2CTiva_close)
                  00012646    00000036     stk.aem4f : ip.oem4f (.text:IPChecksum)
                  0001267c    00000036     rtsv7M4_T_le_v4SPD16_eabi.lib : strncpy.c.obj (.text:strncpy)
                  000126b2    00000002     --HOLE-- [fill = 0]
                  000126b4    00000035     httpget.obj (.text:printError)
                  000126e9    00000003     --HOLE-- [fill = 0]
                  000126ec    00000034     nettool_ipv4.aem4f : config.oem4f (.text:CfgSetService)
                  00012720    00000034     driverlib.lib : emac.obj (.text:EMACConfigSet)
                  00012754    00000034                   : emac.obj (.text:EMACIntClear)
                  00012788    00000034     drivers_tivaware.aem4f : EMACSnow.oem4f (.text:EMACSnow_emacPoll)
                  000127bc    00000034                            : EMACSnow.oem4f (.text:EMACSnow_isLinkUp)
                  000127f0    00000034                            : EMAC.oem4f (.text:EMAC_init)
                  00012824    00000034     stk.aem4f : exec.oem4f (.text:ExecClose)
                  00012858    00000034               : nimu.oem4f (.text:NIMUFindByName)
                  0001288c    00000034               : nimu.oem4f (.text:NIMUInit)
                  000128c0    00000034               : rawethsock.oem4f (.text:RawEthSockNotify)
                  000128f4    00000034               : sockprot.oem4f (.text:SockPrCtlError)
                  00012928    00000034     rtsv7M4_T_le_v4SPD16_eabi.lib : fopen.c.obj (.text:__TI_cleanup)
                  0001295c    00000034                                   : trgmsg.c.obj (.text:__TI_readmsg)
                  00012990    00000034     os.aem4f : mem.oem4f (.text:mmUnInitPage)
                  000129c4    00000004     httpget_pem4f.oem4f (.text:ti_sysbios_knl_Semaphore_destruct)
                  000129c8    00000034     sysbios.aem4f : BIOS.obj (.text:ti_sysbios_family_arm_m3_Hwi_Instance_finalize__E)
                  000129fc    00000004     httpget_pem4f.oem4f (.text:ti_sysbios_knl_Swi_delete)
                  00012a00    00000034     sysbios.aem4f : BIOS.obj (.text:ti_sysbios_family_arm_m3_Hwi_excNmi__I)
                  00012a34    00000004     httpget_pem4f.oem4f (.text:ti_sysbios_knl_Task_delete)
                  00012a38    00000034     sysbios.aem4f : BIOS.obj (.text:ti_sysbios_hal_Hwi_checkStack)
                  00012a6c    00000034     httpget_pem4f.oem4f (.text:ti_sysbios_knl_Semaphore_create)
                  00012aa0    00000034     ti.targets.arm.rtsarm.aem4f : Core-label.oem4f (.text:xdc_runtime_Core_assignLabel__I)
                  00012ad4    00000033                                 : Text.oem4f (.text:xdc_runtime_Text_printVisFxn__I)
                  00012b07    00000001     --HOLE-- [fill = 0]
                  00012b08    00000032     nettool_ipv4.aem4f : config.oem4f (.text:CfgGetImmediate)
                  00012b3a    00000032     stk.aem4f : route.oem4f (.text:RtDeRef)
                  00012b6c    00000032               : route.oem4f (.text:RtSetFailure)
                  00012b9e    00000032               : sb.oem4f (.text:SBFlush)
                  00012bd0    00000032               : sb.oem4f (.text:SBSetMax)
                  00012c02    00000032               : sock.oem4f (.text:SockIntAbort)
                  00012c34    00000032     nettool_ipv4.aem4f : config.oem4f (.text:_CfgAcquire)
                  00012c66    00000032                        : dhcpsm.oem4f (.text:dhcpIPRemove)
                  00012c98    00000032     sysbios.aem4f : BIOS.obj (.text:ti_sysbios_hal_Hwi_initStack)
                  00012cca    00000006     driverlib.lib : emac.obj (.text:EMACRxDMADescriptorListSet)
                  00012cd0    00000032     sysbios.aem4f : BIOS.obj (.text:ti_sysbios_knl_Event_pendTimeout__I)
                  00012d02    00000006     driverlib.lib : emac.obj (.text:EMACTxDMADescriptorListSet)
                  00012d08    00000032     sysbios.aem4f : BIOS.obj (.text:ti_sysbios_knl_Semaphore_pendTimeout__I)
                  00012d3a    00000030     driverlib.lib : emac.obj (.text:EMACAddrSet)
                  00012d6a    00000002     --HOLE-- [fill = 0]
                  00012d6c    00000030     drivers_tivaware.aem4f : EMACSnow.oem4f (.text:EMACSnow_handlePackets)
                  00012d9c    00000030                            : I2C.oem4f (.text:I2C_open)
                  00012dcc    00000030     netctrl_min_ipv4.aem4f : netsrv.oem4f (.text:NS_PreBoot)
                  00012dfc    00000030     stk.aem4f : sock.oem4f (.text:SockBind)
                  00012e2c    00000030     rtsv7M4_T_le_v4SPD16_eabi.lib : snprintf.c.obj (.text:_outs)
                  00012e5c    00000030     nettool_ipv4.aem4f : dhcpsock.oem4f (.text:dhcpPacketSend)
                  00012e8c    00000030     rtsv7M4_T_le_v4SPD16_eabi.lib : getdevice.c.obj (.text:finddevice)
                  00012ebc    00000030     stk.aem4f : listlib.oem4f (.text:list_remove_node)
                  00012eec    00000030     httpget_pem4f.oem4f (.text:ti_sysbios_BIOS_atExitFunc__I)
                  00012f1c    00000004     ti.targets.arm.rtsarm.aem4f : Error.oem4f (.text:xdc_runtime_Error_getMsg__E)
                  00012f20    00000030     sysbios.aem4f : BIOS.obj (.text:ti_sysbios_family_arm_lm4_Timer_stop__E)
                  00012f50    00000030                   : BIOS.obj (.text:ti_sysbios_family_arm_m3_TaskSupport_start__E)
                  00012f80    00000030     httpget_pem4f.oem4f (.text:ti_sysbios_gates_GateHwi_Object__create__S)
                  00012fb0    00000030     httpget_pem4f.oem4f (.text:ti_sysbios_gates_GateMutex_Object__create__S)
                  00012fe0    00000030     sysbios.aem4f : BIOS.obj (.text:ti_sysbios_gates_GateMutex_enter__E)
                  00013010    00000030     httpget_pem4f.oem4f (.text:ti_sysbios_heaps_HeapMem_Object__create__S)
                  00013040    00000030     sysbios.aem4f : BIOS.obj (.text:ti_sysbios_knl_Mailbox_postInit__I)
                  00013070    00000030     httpget_pem4f.oem4f (.text:ti_sysbios_knl_Semaphore_construct)
                  000130a0    00000030     sysbios.aem4f : BIOS.obj (.text:ti_sysbios_knl_Task_processVitalTaskFlag__I)
                  000130d0    00000030     ti.targets.arm.rtsarm.aem4f : SysMin.oem4f (.text:xdc_runtime_SysMin_abort__E)
                  00013100    00000030                                 : System.oem4f (.text:xdc_runtime_System_processAtExit__E)
                  00013130    0000002e     stk.aem4f : sb.oem4f (.text:SBFree)
                  0001315e    0000002e     httpget_pem4f.oem4f (.text:malloc)
                  0001318c    0000002e     rtsv7M4_T_le_v4SPD16_eabi.lib : i_tofd_t2.asm.obj (.text)
                  000131ba    0000002c     driverlib.lib : emac.obj (.text:EMACIntStatus)
                  000131e6    0000002c     stk.aem4f : file.oem4f (.text:FdSignalEvent)
                  00013212    00000002     --HOLE-- [fill = 0]
                  00013214    0000002c               : igmp.oem4f (.text:IGMPTestGroup)
                  00013240    0000002c     os.aem4f : task.oem4f (.text:NDK_hookCreate)
                  0001326c    0000002c     stk.aem4f : nimu.oem4f (.text:NIMUAllocateIndex)
                  00013298    0000002c               : nimu.oem4f (.text:NIMUPacketServiceCheck)
                  000132c4    0000002c               : pipe.oem4f (.text:PipeClose)
                  000132f0    0000002c               : sockpcb.oem4f (.text:SockPcbAttach)
                  0001331c    0000002c               : lli.oem4f (.text:_LLIExpListRemove)
                  00013348    0000002c               : lli.oem4f (.text:_LLITimeoutFlush)
                  00013374    0000002c               : rtable.oem4f (.text:_RtExpListRemove)
                  000133a0    0000002c     httpget_pem4f.oem4f (.text:ti_sysbios_knl_Clock_doTick__I)
                  000133cc    0000002c     httpget_pem4f.oem4f (.text:ti_sysbios_knl_Queue_construct)
                  000133f8    0000002c     sysbios.aem4f : BIOS.obj (.text:ti_sysbios_knl_Task_restore__E)
                  00013424    0000002c     rtsv7M4_T_le_v4SPD16_eabi.lib : unlink.c.obj (.text:unlink)
                  00013450    0000002c     ti.targets.arm.rtsarm.aem4f : Text.oem4f (.text:xdc_runtime_Text_cordText__E)
                  0001347c    0000002a     stk.aem4f : pbm.oem4f (.text:PBMQ_deq)
                  000134a6    0000002a     netctrl_min_ipv4.aem4f : netsrv.oem4f (.text:ServiceCallback)
                  000134d0    0000002a     nettool_ipv4.aem4f : config.oem4f (.text:_CfgRelease)
                  000134fa    0000002a     ti.targets.arm.rtsarm.aem4f : System.oem4f (.text:xdc_runtime_System_putchar__I)
                  00013524    00000028     stk.aem4f : bind.oem4f (.text:BindFindByNet)
                  0001354c    00000028     httpget.obj (.text:Captureinit)
                  00013574    00000028     stk.aem4f : lli.oem4f (.text:LLIFree)
                  0001359c    00000028     netctrl_min_ipv4.aem4f : netctrl.oem4f (.text:NC_SystemClose)
                  000135c4    00000028     stk.aem4f : nimu.oem4f (.text:NIMUCreatePacket)
                  000135ec    00000028               : nimu.oem4f (.text:NIMUPacketService)
                  00013614    00000028               : tcpin.oem4f (.text:TcpEnterTimeWait)
                  0001363c    00000028               : timer.oem4f (.text:TimerListRemove)
                  00013664    00000028               : vlan.oem4f (.text:VLANFindSourceInterface)
                  0001368c    00000028               : vlan.oem4f (.text:VLANInit)
                  000136b4    00000028     nettool_ipv4.aem4f : dhcpsock.oem4f (.text:dhcpPacketReceive)
                  000136dc    00000028     rtsv7M4_T_le_v4SPD16_eabi.lib : lseek.c.obj (.text:lseek)
                  00013704    00000028     drivers_tivaware.aem4f : EMACSnow.oem4f (.text:signalLinkChange)
                  0001372c    00000004     ti.targets.arm.rtsarm.aem4f : Error.oem4f (.text:xdc_runtime_Error_getSite__E)
                  00013730    00000028     sysbios.aem4f : BIOS.obj (.text:ti_sysbios_knl_Clock_addI__E)
                  00013758    00000028                   : BIOS.obj (.text:ti_sysbios_knl_Swi_Module_startup__E)
                  00013780    00000028     rtsv7M4_T_le_v4SPD16_eabi.lib : write.c.obj (.text:write)
                  000137a8    00000026     nettool_ipv4.aem4f : config.oem4f (.text:CfgEntryInfo)
                  000137ce    00000026     driverlib.lib : emac.obj (.text:EMACPHYRead)
                  000137f4    00000026                   : emac.obj (.text:EMACPHYWrite)
                  0001381a    00000026     stk.aem4f : rawethsock.oem4f (.text:RawEthSockClose)
                  00013840    00000026     sysbios.aem4f : m3_Hwi_asm.obj (.text:ti_sysbios_family_arm_m3_Hwi_pendSV__I)
                  00013866    00000026     ti.targets.arm.rtsarm.aem4f : System.oem4f (.text:xdc_runtime_System_avprintf__E)
                  0001388c    00000024     stk.aem4f : bind.oem4f (.text:BindFindByHost)
                  000138b0    00000024               : bind.oem4f (.text:BindGetIFByDBCast)
                  000138d4    00000024     drivers_tivaware.aem4f : EMACSnow.oem4f (.text:EMACSnow_pkt_service)
                  000138f8    00000024                            : EMACSnow.oem4f (.text:EMACSnow_primeRx)
                  0001391c    00000024     stk.aem4f : exec.oem4f (.text:ExecTimer)
                  00013940    00000024     httpget.obj (.text:GPIOPinTypeEthernetLED)
                  00013964    00000024     httpget.obj (.text:GPIOPinTypeGPIOInput)
                  00013988    00000024     httpget.obj (.text:GPIOPinTypeGPIOOutput)
                  000139ac    00000024     httpget.obj (.text:GPIOPinTypeI2C)
                  000139d0    00000024     httpget.obj (.text:GPIOPinTypeI2CSCL)
                  000139f4    00000024     stk.aem4f : nimu.oem4f (.text:NIMUFindByIndex)
                  00013a18    00000024               : rtc.oem4f (.text:RTCAddHook)
                  00013a3c    00000024               : rawethsock_pcb.oem4f (.text:RawEthSockPcbFind)
                  00013a60    00000024               : route.oem4f (.text:RtFree)
                  00013a84    00000024               : route.oem4f (.text:RtSetTimeout)
                  00013aa8    00000024               : sockpcb.oem4f (.text:SockPcbCleanup)
                  00013acc    00000024               : tcptime.oem4f (.text:TcpTimeoutWait2)
                  00013af0    00000024     nettool_ipv4.aem4f : config.oem4f (.text:_CfgEntryProcess)
                  00013b14    00000024     httpget_pem4f.oem4f (.text:ti_sysbios_BIOS_errorRaiseHook__I)
                  00013b38    00000024     httpget_pem4f.oem4f (.text:ti_sysbios_BIOS_registerRTSLock__I)
                  00013b5c    00000024     httpget_pem4f.oem4f (.text:ti_sysbios_BIOS_removeRTSLock__I)
                  00013b80    00000024     httpget_pem4f.oem4f (.text:ti_sysbios_BIOS_startFunc__I)
                  00013ba4    00000024     httpget_pem4f.oem4f (.text:ti_sysbios_gates_GateMutex_Object__delete__S)
                  00013bc8    00000024     sysbios.aem4f : BIOS.obj (.text:ti_sysbios_knl_Clock_Module_startup__E)
                  00013bec    00000004     httpget_pem4f.oem4f (.text:xdc_runtime_System_Module_GateProxy_enter__E)
                  00013bf0    00000024     sysbios.aem4f : BIOS.obj (.text:ti_sysbios_knl_Clock_start__E)
                  00013c14    00000004     httpget_pem4f.oem4f (.text:xdc_runtime_System_Module_GateProxy_leave__E)
                  00013c18    00000024     sysbios.aem4f : BIOS.obj (.text:ti_sysbios_knl_Semaphore_Instance_init__E)
                  00013c3c    00000024     httpget_pem4f.oem4f (.text:ti_sysbios_knl_Semaphore_Object__delete__S)
                  00013c60    00000024     sysbios.aem4f : BIOS.obj (.text:ti_sysbios_knl_Task_restoreHwi__E)
                  00013c84    00000024     ti.targets.arm.rtsarm.aem4f : System.oem4f (.text:xdc_runtime_System_vprintf__E)
                  00013ca8    00000022     nettool_ipv4.aem4f : config.oem4f (.text:CfgEntryRef)
                  00013cca    00000022     httpget.obj (.text:GPIOIntStatus)
                  00013cec    00000022     stk.aem4f : vlan.oem4f (.text:VLANFindNode)
                  00013d0e    00000002     --HOLE-- [fill = 0]
                  00013d10    00000022     sysbios.aem4f : BIOS.obj (.text:ti_sysbios_family_arm_lm4_Timer_write__I)
                  00013d32    00000022     httpget_pem4f.oem4f (.text:xdc_runtime_SysMin_output__I)
                  00013d54    00000020     httpget.obj (.text:GPIOPinWrite)
                  00013d74    00000020     netctrl_min_ipv4.aem4f : netctrl.oem4f (.text:NC_BootComplete)
                  00013d94    00000020     stk.aem4f : nimu.oem4f (.text:NIMUGetNumOfObject)
                  00013db4    00000020               : rtc.oem4f (.text:RTCRemoveHook)
                  00013dd4    00000020               : tcp.oem4f (.text:TcpTimeoutRemove)
                  00013df4    00000020     httpget.obj (.text:Timer_ISR)
                  00013e14    00000020     Boot.aem4f : Boot_sysctl.oem4f (.text:_SysCtlMemTimingGet)
                  00013e34    00000020     rtsv7M4_T_le_v4SPD16_eabi.lib : memchr.c.obj (.text:memchr)
                  00013e54    00000020                                   : u_tofd_t2.asm.obj (.text)
                  00013e74    00000020     httpget_pem4f.oem4f (.text:ti_sysbios_BIOS_rtsLock__I)
                  00013e94    00000004     ti.targets.arm.rtsarm.aem4f : System.oem4f (.text:xdc_runtime_System_aprintf_va__F)
                  00013e98    00000020     sysbios.aem4f : BIOS.obj (.text:ti_sysbios_family_arm_lm4_Timer_postInit__I)
                  00013eb8    00000020     httpget_pem4f.oem4f (.text:ti_sysbios_family_arm_m3_Hwi_Object__delete__S)
                  00013ed8    00000020     sysbios.aem4f : m3_Hwi_asm.obj (.text:ti_sysbios_family_arm_m3_Hwi_excHandlerAsm__I)
                  00013ef8    00000020                   : BIOS.obj (.text:ti_sysbios_family_arm_m3_Hwi_excHandler__I)
                  00013f18    00000020     httpget_pem4f.oem4f (.text:ti_sysbios_gates_GateHwi_Object__delete__S)
                  00013f38    00000020     httpget_pem4f.oem4f (.text:ti_sysbios_heaps_HeapMem_Object__delete__S)
                  00013f58    00000020     sysbios.aem4f : BIOS.obj (.text:ti_sysbios_knl_Idle_run__E)
                  00013f78    00000020     httpget_pem4f.oem4f (.text:ti_sysbios_knl_Semaphore_Object__destruct__S)
                  00013f98    00000020     httpget_pem4f.oem4f (.text:ti_sysbios_knl_Swi_Object__delete__S)
                  00013fb8    00000020     httpget_pem4f.oem4f (.text:ti_sysbios_knl_Task_Object__delete__S)
                  00013fd8    00000020     ti.targets.arm.rtsarm.aem4f : Registry.oem4f (.text:xdc_runtime_Registry_findById__E)
                  00013ff8    00000020                                 : SysMin.oem4f (.text:xdc_runtime_SysMin_Module_startup__E)
                  00014018    0000001e     httpget.obj (.text:TimerEnable)
                  00014036    0000001e     stk.aem4f : listlib.oem4f (.text:list_remove)
                  00014054    0000001e     httpget.obj (.text:recv)
                  00014072    0000001e     httpget.obj (.text:send)
                  00014090    0000001e     rtsv7M4_T_le_v4SPD16_eabi.lib : strcat.c.obj (.text:strcat)
                  000140ae    0000001e     sysbios.aem4f : m3_Hwi_asm_switch.obj (.text:ti_sysbios_family_xxx_Hwi_switchAndRunFunc)
                  000140cc    0000001c     stk.aem4f : bind.oem4f (.text:BindFindByIF)
                  000140e8    0000001c               : exec.oem4f (.text:ExecBroadcast)
                  00014104    0000001c     os.aem4f : ossys.oem4f (.text:NDK_sprintf)
                  00014120    0000001c     stk.aem4f : nimu.oem4f (.text:NIMUAddHeader)
                  0001413c    0000001c               : sockprot.oem4f (.text:SockPrDetach)
                  00014158    0000001c     os.aem4f : task.oem4f (.text:TaskDestroy)
                  00014174    0000001c     httpget.obj (.text:TimerValueGet)
                  00014190    0000001c     drivers_tivaware.aem4f : GPIOTiva.oem4f (.text:getGpioIntIndex)
                  000141ac    0000001c     rtsv7M4_T_le_v4SPD16_eabi.lib : memccpy.c.obj (.text:memccpy)
                  000141c8    0000001c     httpget_pem4f.oem4f (.text:ti_ndk_config_global_taskCreateHook)
                  000141e4    0000001c     httpget_pem4f.oem4f (.text:ti_sysbios_family_arm_m3_Hwi_Object__destruct__S)
                  00014200    0000001c     sysbios.aem4f : BIOS.obj (.text:ti_sysbios_gates_GateMutex_Instance_init__E)
                  0001421c    0000001c     httpget_pem4f.oem4f (.text:ti_sysbios_knl_Queue_Object__destruct__S)
                  00014238    0000001c     sysbios.aem4f : BIOS.obj (.text:ti_sysbios_knl_Queue_get__E)
                  00014254    00000004     ti.targets.arm.rtsarm.aem4f : System.oem4f (.text:xdc_runtime_System_printf_va__F)
                  00014258    0000001c     sysbios.aem4f : BIOS.obj (.text:ti_sysbios_knl_Queue_put__E)
                  00014274    00000004     --HOLE-- [fill = 0]
                  00014278    0000001c                   : BIOS.obj (.text:ti_sysbios_knl_Task_enter__I)
                  00014294    0000001c     ti.targets.arm.rtsarm.aem4f : Error.oem4f (.text:xdc_runtime_Error_raiseX__E)
                  000142b0    0000001c                                 : Memory.oem4f (.text:xdc_runtime_Memory_valloc__E)
                  000142cc    0000001c                                 : SysMin.oem4f (.text:xdc_runtime_SysMin_exit__E)
                  000142e8    0000001c                                 : System.oem4f (.text:xdc_runtime_System_abort__E)
                  00014304    0000001a     stk.aem4f : bind.oem4f (.text:BindGetIP)
                  0001431e    0000001a     httpget.obj (.text:GPIOIntEnable)
                  00014338    0000001a     stk.aem4f : sockint.oem4f (.text:SockSetOOBMark)
                  00014352    0000001a     rtsv7M4_T_le_v4SPD16_eabi.lib : s_copysign.c.obj (.text:copysign)
                  0001436c    0000001a     stk.aem4f : file.oem4f (.text:fdint_getfdt)
                  00014386    0000001a     httpget_pem4f.oem4f (.text:free)
                  000143a0    0000001a     httpget_pem4f.oem4f (.text:ti_sysbios_family_arm_m3_Hwi_Handle__label__S)
                  000143ba    0000001a     httpget_pem4f.oem4f (.text:ti_sysbios_gates_GateHwi_Handle__label__S)
                  000143d4    0000001a     httpget_pem4f.oem4f (.text:ti_sysbios_gates_GateMutex_Handle__label__S)
                  000143ee    0000001a     httpget_pem4f.oem4f (.text:ti_sysbios_heaps_HeapMem_Handle__label__S)
                  00014408    0000001a     httpget_pem4f.oem4f (.text:ti_sysbios_knl_Swi_Handle__label__S)
                  00014422    0000001a     httpget_pem4f.oem4f (.text:ti_sysbios_knl_Task_Handle__label__S)
                  0001443c    00000004     --HOLE-- [fill = 0]
                  00014440    0000001a     sysbios.aem4f : BIOS.obj (.text:ti_sysbios_knl_Task_sleepTimeout__I)
                  0001445a    0000001a     httpget_pem4f.oem4f (.text:xdc_runtime_System_aprintf__E)
                  00014474    0000001a     httpget_pem4f.oem4f (.text:xdc_runtime_System_printf__E)
                  0001448e    00000002     --HOLE-- [fill = 0]
                  00014490    00000018     drivers_tivaware.aem4f : EMACSnow.oem4f (.text:EMACSnow_emacSend)
                  000144a8    00000018     httpget.obj (.text:GPIOPinRead)
                  000144c0    00000018     stk.aem4f : ip.oem4f (.text:IPRtChange)
                  000144d8    00000018               : rawethsock_pcb.oem4f (.text:RawEthSockPcbCleanup)
                  000144f0    00000018     nettool_ipv4.aem4f : ipaddr.oem4f (.text:RouteHook)
                  00014508    00000018     stk.aem4f : tcpin.oem4f (.text:SEQ_GEQ)
                  00014520    00000018               : tcpout.oem4f (.text:SEQ_GEQ)
                  00014538    00000018               : tcpin.oem4f (.text:SEQ_GT)
                  00014550    00000018               : tcpout.oem4f (.text:SEQ_GT)
                  00014568    00000018               : tcpin.oem4f (.text:SEQ_LEQ)
                  00014580    00000018               : tcpout.oem4f (.text:SEQ_LEQ)
                  00014598    00000018               : tcpin.oem4f (.text:SEQ_LT)
                  000145b0    00000018               : tcpout.oem4f (.text:SEQ_LT)
                  000145c8    00000018               : tcp.oem4f (.text:TcpTimeoutAdd)
                  000145e0    00000018     rtsv7M4_T_le_v4SPD16_eabi.lib : args_main.c.obj (.text:_args_main)
                  000145f8    00000018                                   : snprintf.c.obj (.text:_outc)
                  00014610    00000018                                   : sprintf.c.obj (.text:_outs)
                  00014628    00000018     nettool_ipv4.aem4f : dhcpsock.oem4f (.text:dhcpSocketClose)
                  00014640    00000018     stk.aem4f : listlib.oem4f (.text:list_add)
                  00014658    00000018     rtsv7M4_T_le_v4SPD16_eabi.lib : strcmp.c.obj (.text:strcmp)
                  00014670    00000018     httpget_pem4f.oem4f (.text:ti_sysbios_BIOS_rtsUnlock__I)
                  00014688    00000018     httpget_pem4f.oem4f (.text:ti_sysbios_family_arm_lm4_Timer_Module__startupDone__F)
                  000146a0    00000018     httpget_pem4f.oem4f (.text:ti_sysbios_family_arm_m3_Hwi_Module__startupDone__F)
                  000146b8    00000018     sysbios.aem4f : m3_TaskSupport_asm.obj (.text:ti_sysbios_family_arm_m3_TaskSupport_swap__E)
                  000146d0    00000018                   : BIOS.obj (.text:ti_sysbios_gates_GateMutex_leave__E)
                  000146e8    00000018                   : BIOS.obj (.text:ti_sysbios_knl_Task_unblock__E)
                  00014700    00000018     ti.targets.arm.rtsarm.aem4f : Error.oem4f (.text:xdc_runtime_Error_check__E)
                  00014718    00000018                                 : System.oem4f (.text:xdc_runtime_System_exit__E)
                  00014730    00000018                                 : Text.oem4f (.text:xdc_runtime_Text_ropeText__E)
                  00014748    00000016     driverlib.lib : emac.obj (.text:EMACReset)
                  0001475e    00000016                   : emac.obj (.text:EMACRxEnable)
                  00014774    00000016                   : emac.obj (.text:EMACTxEnable)
                  0001478a    00000016                   : i2c.obj (.text:I2CMasterErr)
                  000147a0    00000016     stk.aem4f : file.oem4f (.text:fdint_freefdt)
                  000147b6    00000016     rtsv7M4_T_le_v4SPD16_eabi.lib : strchr.c.obj (.text:strchr)
                  000147cc    00000016     httpget_pem4f.oem4f (.text:ti_sysbios_BIOS_exitFunc__I)
                  000147e2    00000016     httpget.obj (.text:ti_sysbios_knl_Task_Params_init)
                  000147f8    00000016     ti.targets.arm.rtsarm.aem4f : System.oem4f (.text:xdc_runtime_System_vsprintf__E)
                  0001480e    00000014     stk.aem4f : bind.oem4f (.text:BindIPHost2IF)
                  00014822    00000002     --HOLE-- [fill = 0]
                  00014824    00000014     driverlib.lib : flash.obj (.text:FlashUserGet)
                  00014838    00000014     httpget.obj (.text:GPIOIntClear)
                  0001484c    00000014     netctrl_min_ipv4.aem4f : netctrl.oem4f (.text:NC_NetStop)
                  00014860    00000014     os.aem4f : task.oem4f (.text:NDK_hookExit)
                  00014874    00000014     stk.aem4f : nimu.oem4f (.text:NIMUSendPacket)
                  00014888    00000014     nettool_ipv4.aem4f : ipaddr.oem4f (.text:NtRemoveNetwork)
                  0001489c    00000014     stk.aem4f : rawethsock_pcb.oem4f (.text:RawEthSockPcbInit)
                  000148b0    00000014               : timer.oem4f (.text:TimerFree)
                  000148c4    00000014     httpget.obj (.text:connect)
                  000148d8    00000014     httpget.obj (.text:socket)
                  000148ec    00000014     rtsv7M4_T_le_v4SPD16_eabi.lib : strcpy.c.obj (.text:strcpy)
                  00014900    00000014                                   : strlen.c.obj (.text:strlen)
                  00014914    00000014     httpget_pem4f.oem4f (.text:ti_ndk_config_global_taskExitHook)
                  00014928    00000014     httpget_pem4f.oem4f (.text:ti_sysbios_family_arm_m3_Hwi_Object__get__S)
                  0001493c    00000004     --HOLE-- [fill = 0]
                  00014940    00000014     sysbios.aem4f : BIOS.obj (.text:ti_sysbios_family_arm_m3_Hwi_switchFromBootStack__E)
                  00014954    00000014     httpget_pem4f.oem4f (.text:ti_sysbios_heaps_HeapMem_Object__get__S)
                  00014968    00000014     httpget_pem4f.oem4f (.text:ti_sysbios_knl_Mailbox_Object__get__S)
                  0001497c    00000014     httpget_pem4f.oem4f (.text:ti_sysbios_knl_Swi_Object__get__S)
                  00014990    00000014     httpget_pem4f.oem4f (.text:ti_sysbios_knl_Task_Object__first__S)
                  000149a4    00000014     httpget_pem4f.oem4f (.text:ti_sysbios_knl_Task_Object__next__S)
                  000149b8    00000012     stk.aem4f : sockprot.oem4f (.text:SockPrAttach)
                  000149ca    00000012               : sockint.oem4f (.text:SockSetOOBData)
                  000149dc    00000012     httpget.obj (.text:netIPAddrHook)
                  000149ee    00000002     --HOLE-- [fill = 0]
                  000149f0    00000012     sysbios.aem4f : BIOS.obj (.text:ti_sysbios_hal_Hwi_Module_startup__E)
                  00014a02    00000006     driverlib.lib : i2c.obj (.text:I2CMasterIntDisable)
                  00014a08    00000012     sysbios.aem4f : BIOS.obj (.text:ti_sysbios_hal_Timer_Module_startup__E)
                  00014a1a    00000006     driverlib.lib : i2c.obj (.text:I2CMasterIntEnable)
                  00014a20    00000012     sysbios.aem4f : BIOS.obj (.text:ti_sysbios_knl_Semaphore_reset__E)
                  00014a32    00000012     rtsv7M4_T_le_v4SPD16_eabi.lib : wcslen.c.obj (.text:wcslen)
                  00014a44    00000012     httpget_pem4f.oem4f (.text:xdc_runtime_Startup_exec__I)
                  00014a56    00000002     --HOLE-- [fill = 0]
                  00014a58    00000010     httpget_pem4f.oem4f (.text:.bootCodeSection:ti_catalog_arm_cortexm4_tiva_ce_Boot_init__I)
                  00014a68    00000010     stk.aem4f : bind.oem4f (.text:BindIF2IPHost)
                  00014a78    00000010               : bind.oem4f (.text:BindIFNet2IPHost)
                  00014a88    00000010     driverlib.lib : emac.obj (.text:EMACFrameFilterSet)
                  00014a98    00000010     stk.aem4f : exec.oem4f (.text:ExecHRef)
                  00014aa8    00000010     drivers_tivaware.aem4f : I2C.oem4f (.text:I2C_Params_init)
                  00014ab8    00000010     netctrl_min_ipv4.aem4f : netctrl.oem4f (.text:NC_IPUpdate)
                  00014ac8    00000010     stk.aem4f : nimu.oem4f (.text:NIMUGetRsvdSizeInfo)
                  00014ad8    00000010     sysbios.aem4f : BIOS.obj (.text:ti_sysbios_BIOS_exit__E)
                  00014ae8    00000010                   : BIOS.obj (.text:ti_sysbios_BIOS_getCpuFreq__E)
                  00014af8    00000010                   : BIOS.obj (.text:ti_sysbios_BIOS_setThreadType__E)
                  00014b08    00000010                   : BIOS.obj (.text:ti_sysbios_BIOS_start__E)
                  00014b18    00000010                   : m3_TaskSupport_asm.obj (.text:ti_sysbios_family_arm_m3_TaskSupport_glue)
                  00014b28    00000010                   : BIOS.obj (.text:ti_sysbios_gates_GateMutex_Instance_finalize__E)
                  00014b38    00000010                   : BIOS.obj (.text:ti_sysbios_knl_Semaphore_Instance_finalize__E)
                  00014b48    00000010                   : BIOS.obj (.text:ti_sysbios_knl_Swi_disable__E)
                  00014b58    00000010     httpget_pem4f.oem4f (.text:ti_sysbios_knl_Task_Object__get__S)
                  00014b68    00000010     sysbios.aem4f : BIOS.obj (.text:ti_sysbios_knl_Task_disable__E)
                  00014b78    00000010     ti.targets.arm.rtsarm.aem4f : Gate.oem4f (.text:xdc_runtime_Gate_leaveSystem__E)
                  00014b88    00000010                                 : Memory.oem4f (.text:xdc_runtime_Memory_free__E)
                  00014b98    00000010                                 : SysMin.oem4f (.text:xdc_runtime_SysMin_ready__E)
                  00014ba8    00000010                                 : System.oem4f (.text:xdc_runtime_System_vsnprintf__E)
                  00014bb8    00000010     httpget_pem4f.oem4f (.text:xdc_runtime_Text_visitRope__I)
                  00014bc8    0000000e     drivers_tivaware.aem4f : EMACSnow.oem4f (.text:EMACSnow_emacioctl)
[...]
00017438  xdc_runtime_Startup_lastFxns__C                                      
00017440  ti_catalog_arm_cortexm4_tiva_ce_Boot_A_mustNotUseEnhancedClockMode__C
00017444  ti_catalog_arm_cortexm4_tiva_ce_Boot_Module__diagsEnabled__C         
00017448  ti_catalog_arm_cortexm4_tiva_ce_Boot_Module__diagsIncluded__C        
0001744c  ti_catalog_arm_cortexm4_tiva_ce_Boot_Module__diagsMask__C            
00017450  ti_sysbios_family_arm_lm4_Timer_enableFunc__C                        
00017454  ti_sysbios_family_arm_lm4_Timer_numTimerDevices__C                   
00017458  ti_sysbios_family_arm_lm4_Timer_startupNeeded__C                     
0001745c  ti_sysbios_family_arm_m3_Hwi_E_NMI__C                                
00017460  ti_sysbios_family_arm_m3_Hwi_E_alreadyDefined__C                     
00017464  ti_sysbios_family_arm_m3_Hwi_E_busFault__C                           
00017468  ti_sysbios_family_arm_m3_Hwi_E_debugMon__C                           
0001746c  ti_sysbios_family_arm_m3_Hwi_E_hardFault__C                          
00017470  ti_sysbios_family_arm_m3_Hwi_E_memFault__C                           
00017474  ti_sysbios_family_arm_m3_Hwi_E_noIsr__C                              
00017478  ti_sysbios_family_arm_m3_Hwi_E_reserved__C                           
0001747c  ti_sysbios_family_arm_m3_Hwi_E_svCall__C                             
00017480  ti_sysbios_family_arm_m3_Hwi_E_usageFault__C                         
00017484  ti_sysbios_family_arm_m3_Hwi_NUM_INTERRUPTS__C                       
00017488  ti_sysbios_family_arm_m3_Hwi_Object__count__C                        
0001748c  ti_sysbios_family_arm_m3_Hwi_ccr__C                                  
00017490  ti_sysbios_family_arm_m3_Hwi_excHandlerFunc__C                       
00017494  ti_sysbios_family_arm_m3_Hwi_excHookFuncs__C                         
00017498  ti_sysbios_family_arm_m3_Hwi_nullIsrFunc__C                          
0001749c  ti_sysbios_family_arm_m3_Hwi_priGroup__C                             
000174a0  ti_sysbios_family_arm_m3_TaskSupport_stackAlignment__C               
000174a4  ti_sysbios_gates_GateMutex_Instance_State_sem__O                     
000174a8  ti_sysbios_hal_Hwi_E_stackOverflow__C                                
000174ac  ti_sysbios_heaps_HeapMem_E_memory__C                                 
000174b0  ti_sysbios_heaps_HeapMem_Module__gateObj__C                          
000174b4  ti_sysbios_heaps_HeapMem_Object__count__C                            
000174b8  ti_sysbios_heaps_HeapMem_reqAlign__C                                 
000174bc  ti_sysbios_knl_Clock_Module_State_clockQ__O                          
000174c0  ti_sysbios_knl_Event_Instance_State_pendQ__O                         
000174c4  ti_sysbios_knl_Mailbox_Instance_State_dataQue__O                     
000174c8  ti_sysbios_knl_Mailbox_Instance_State_dataSem__O                     
000174cc  ti_sysbios_knl_Mailbox_Instance_State_freeQue__O                     
000174d0  ti_sysbios_knl_Mailbox_Instance_State_freeSem__O                     
000174d4  ti_sysbios_knl_Mailbox_Object__count__C                              
000174d8  ti_sysbios_knl_Mailbox_maxTypeAlign__C                               
000174dc  ti_sysbios_knl_Semaphore_Instance_State_pendQ__O                     
000174e0  ti_sysbios_knl_Swi_Object__count__C                                  
000174e4  ti_sysbios_knl_Task_E_deleteNotAllowed__C                            
000174e8  ti_sysbios_knl_Task_E_spOutOfBounds__C                               
000174ec  ti_sysbios_knl_Task_E_stackOverflow__C                               
000174f0  ti_sysbios_knl_Task_Module_State_inactiveQ__O                        
000174f4  ti_sysbios_knl_Task_Module_State_terminatedQ__O                      
000174f8  ti_sysbios_knl_Task_Object__count__C                                 
000174fc  ti_sysbios_knl_Task_Object__heap__C                                  
00017500  ti_sysbios_knl_Task_allBlockedFunc__C                                
00017504  ti_sysbios_knl_Task_defaultStackHeap__C                              
00017508  ti_sysbios_knl_Task_defaultStackSize__C                              
0001750c  ti_sysbios_knl_Task_numConstructedTasks__C                           
00017510  xdc_runtime_Assert_E_assertFailed__C                                 
00017514  xdc_runtime_Core_A_initializedParams__C                              
00017518  xdc_runtime_Core_Module__diagsEnabled__C                             
0001751c  xdc_runtime_Core_Module__diagsIncluded__C                            
00017520  xdc_runtime_Core_Module__diagsMask__C                                
00017524  xdc_runtime_Error_E_memory__C                                        
00017528  xdc_runtime_Error_Module__diagsEnabled__C                            
0001752c  xdc_runtime_Error_Module__diagsIncluded__C                           
00017530  xdc_runtime_Error_Module__diagsMask__C                               
00017534  xdc_runtime_Error_Module__loggerFxn8__C                              
00017538  xdc_runtime_Error_Module__loggerObj__C                               
0001753c  xdc_runtime_Error_policyFxn__C                                       
00017540  xdc_runtime_Error_raiseHook__C                                       
00017544  xdc_runtime_IGateProvider_Interface__BASE__C                         
00017548  xdc_runtime_IHeap_Interface__BASE__C                                 
0001754c  xdc_runtime_IModule_Interface__BASE__C                               
00017550  xdc_runtime_Log_L_error__C                                           
00017554  xdc_runtime_Memory_defaultHeapInstance__C                            
00017558  xdc_runtime_Startup_execImpl__C                                      
0001755c  xdc_runtime_Startup_maxPasses__C                                     
00017560  xdc_runtime_Startup_sfxnRts__C                                       
00017564  xdc_runtime_Startup_sfxnTab__C                                       
00017568  xdc_runtime_SysMin_bufSize__C                                        
0001756c  xdc_runtime_SysMin_outputFunc__C                                     
00017570  xdc_runtime_System_Module__gateObj__C                                
00017574  xdc_runtime_System_abortFxn__C                                       
00017578  xdc_runtime_System_exitFxn__C                                        
0001757c  xdc_runtime_System_extendFxn__C                                      
00017580  xdc_runtime_System_maxAtexitHandlers__C                              
00017584  xdc_runtime_Text_charTab__C                                          
00017588  xdc_runtime_Text_nameEmpty__C                                        
0001758c  xdc_runtime_Text_nameStatic__C                                       
00017590  xdc_runtime_Text_nameUnknown__C                                      
00017594  xdc_runtime_Text_nodeTab__C                                          
00017598  xdc_runtime_Text_visitRopeFxn__C                                     
0001759c  ti_sysbios_heaps_HeapMem_Module__id__C                               
0001759e  ti_sysbios_knl_Task_Module__id__C                                    
000175a0  xdc_runtime_Core_Module__id__C                                       
000175a2  xdc_runtime_Error_Module__loggerDefined__C                           
000175a4  xdc_runtime_Error_maxDepth__C                                        
000175a6  xdc_runtime_Memory_Module__id__C                                     
000175a8  xdc_runtime_SysMin_flushAtExit__C                                    
000175aa  xdc_runtime_Text_charCnt__C                                          
000175ac  xdc_runtime_Text_isLoaded__C                                         
000175ae  xdc_runtime_Text_registryModsLastId__C                               
000175b0  xdc_runtime_Text_unnamedModsLastId__C                                
000175b8  __TI_static_base__                                                   
00017a5c  __TI_Handler_Table_Base                                              
00017a68  __TI_Handler_Table_Limit                                             
00017a78  __TI_CINIT_Base                                                      
00017a90  __TI_CINIT_Limit                                                     
20000000  __start___llvm_prf_cnts                                              
20000000  __stop___llvm_prf_cnts                                               
20000000  ti_sysbios_family_arm_m3_Hwi_ramVectors                              
20000380  ti_ndk_config_Global_pit                                             
20000498  ti_ndk_config_Global_pitBuffer                                       
2000cc98  ti_sysbios_heaps_HeapMem_Instance_State_0_buf__A                     
20014c98  ips                                                                  
20014d00  ti_ndk_config_Global_pBufMem                                         
20018900  ti_ndk_config_Global_pHdrMem                                         
20018bf8  ti_sysbios_knl_Task_Instance_State_0_stack__A                        
200193f8  ti_sysbios_knl_Task_Instance_State_1_stack__A                        
20019bf8  ti_sysbios_knl_Task_Instance_State_2_stack__A                        
2001a3f8  ti_sysbios_knl_Task_Instance_State_3_stack__A                        
2001a9f8  ti_sysbios_knl_Task_Instance_State_4_stack__A                        
2001abf8  xdc_runtime_SysMin_Module_State_0_outbuf__A                          
2001aff8  temperature                                                          
2001b3e0  ti_sysbios_family_arm_m3_Hwi_dispatchTable                           
2001b740  __CIOBUF_                                                            
2001b960  i2cTivaObjects                                                       
2001ba60  tcps                                                                 
2001bbcc  __TI_tmpnams                                                         
2001bc70  ti_sysbios_knl_Mailbox_Instance_State_0_allocBuf__A                  
2001bec0  nimu_mcb                                                             
2001bf24  _ICMPIn                                                              
2001bf70  _ICMPOut                                                             
2001bffc  vlan_mcb                                                             
2001c048  udps                                                                 
2001c06c  takenTime                                                            
2001c0a8  BlockCount                                                           
2001c0c4  BlockMax                                                             
2001c0e0  PageCount                                                            
2001c0fc  PageMax                                                              
2001c118  stkEvent                                                             
2001c154  raweths                                                              
2001c164  raws                                                                 
2001c180  PBMQ_free                                                            
2001c18c  tpseudo                                                              
2001c198  upseudo                                                              
2001c1a4  emacObjects                                                          
2001c1ac  parmbuf                                                              
2001c1d4  _IGMPInDiscard                                                       
2001c1d8  _IGMPInQuery                                                         
2001c1dc  _IGMPInQueryGroup                                                    
2001c1e0  _IGMPInResponse                                                      
2001c1e4  _IGMPOutResponse                                                     
2001c1e8  g_ulStatus                                                           
2001c1fc  raweth_pcb                                                           
2001c200  realtime                                                             
2001c204  ti_sysbios_knl_Task_Instance_State_0_hookEnv__A                      
2001c208  ti_sysbios_knl_Task_Instance_State_1_hookEnv__A                      
2001c20c  ti_sysbios_knl_Task_Instance_State_2_hookEnv__A                      
2001c210  ti_sysbios_knl_Task_Instance_State_3_hookEnv__A                      
2001c214  ti_sysbios_knl_Task_Instance_State_4_hookEnv__A                      
2001c218  ti_sysbios_knl_Task_Object__table__V                                 
2001c394  _ftable                                                              
2001c484  _ipcfg                                                               
2001c538  ti_sysbios_family_arm_lm4_Timer_Object__table__V                     
2001c5b8  ti_sysbios_knl_Swi_Module_State_0_readyQ__A                          
2001c638  ti_sysbios_knl_Task_Module_State_0_readyQ__A                         
2001c6b8  _device                                                              
2001c730  ti_sysbios_knl_Semaphore_Object__table__V                            
2001c794  _stream                                                              
2001c7e4  ti_sysbios_knl_Mailbox_Object__table__V                              
2001c882  ti_sysbios_family_arm_m3_Hwi_Module_State_0_excActive__A             
2001c884  ti_sysbios_knl_Task_Module__state__V                                 
2001c948  ti_sysbios_family_arm_lm4_Timer_Module_State_0_device__A             
2001c988  ti_sysbios_gates_GateMutex_Object__table__V                          
2001c9f4  ti_sysbios_family_arm_m3_Hwi_Module__state__V                        
2001ca28  enablePrefetch                                                       
2001ca2c  phyCounter                                                           
2001ca5a  xdc_runtime_Error_Module__state__V                                   
2001ca8c  ti_sysbios_family_arm_m3_Hwi_Object__table__V                        
2001cabc  ti_sysbios_knl_Swi_Object__table__V                                  
2001caec  ti_sysbios_knl_Clock_Module__state__V                                
2001cb18  pstrMsgName                                                          
2001cb40  _oscfg                                                               
2001cb88  PITCount                                                             
2001cb8c  PITUsed                                                              
2001cb90  PITHigh                                                              
2001cbac  ti_sysbios_BIOS_Module__state__V                                     
2001cbd0  ti_sysbios_family_arm_lm4_Timer_Module_State_0_handles__A            
2001cc0c  ti_ndk_config_Global_Id2Size                                         
2001cc28  ti_sysbios_knl_Swi_Module__state__V                                  
2001cc8c  ti_sysbios_heaps_HeapMem_Object__table__V                            
2001cce0  _tz                                                                  
2001ccf0  gpioPinConfigs                                                       
2001cd00  __TI_ft_end                                                          
2001cd04  __aeabi_stdin                                                        
2001cd08  __aeabi_stdout                                                       
2001cd0c  __aeabi_stderr                                                       
2001cd18  _IGMPForceVersion1                                                   
2001cd20  __TI_cleanup_ptr                                                     
2001cd24  __TI_dtors_ptr                                                       
2001cd28  __TI_enable_exit_profile_output                                      
2001cd2c  ctr                                                                  
2001cd30  pulse_A2                                                             
2001cd34  Port_A_Pin_2_Rising                                                  
2001cd38  ti_sysbios_family_arm_lm4_Timer_Module__state__V                     
2001cd44  ti_sysbios_knl_Event_Object__table__V                                
2001cd50  xdc_runtime_SysMin_Module__state__V                                  
2001cd68  _lock                                                                
2001cd6c  _unlock                                                              
2001cd70  NIMUDeviceTable                                                      
2001cd78  gpioCallbackFunctions                                                
2001cd80  ti_ndk_config_Global_HostName                                        
2001cd84  __xdc__init__addr                                                    
2001cd98  _ICMPInErrors                                                        
2001cd9c  _ICMPOutErrors                                                       
2001cda0  _IPExecuting                                                         
2001cdb8  tcp_iss                                                              
2001cdbc  ptTimeFirst                                                          
2001cdc8  ti_sysbios_family_arm_m3_Hwi_Module__root__V                         
2001cdd0  ti_sysbios_gates_GateHwi_Module__root__V                             
2001cdd8  ti_sysbios_gates_GateMutex_Module__root__V                           
2001cde0  ti_sysbios_hal_Timer_Object__table__V                                
2001cde8  ti_sysbios_heaps_HeapMem_Module__root__V                             
2001cdf0  ti_sysbios_knl_Clock_Module__root__V                                 
2001cdf8  ti_sysbios_knl_Queue_Module__root__V                                 
2001ce00  ti_sysbios_knl_Semaphore_Module__root__V                             
2001ce08  ti_sysbios_knl_Swi_Module__root__V                                   
2001ce10  ti_sysbios_knl_Task_Module__root__V                                  
2001ce18  xdc_runtime_Registry_Module__state__V                                
2001ce20  xdc_runtime_Startup_Module__state__V                                 
2001ce28  xdc_runtime_System_Module_State_0_atexitHandlers__A                  
2001ce30  xdc_runtime_System_Module__state__V                                  
2001ce38  macAddress                                                           
2001ce5c  errno                                                                
2001ce60  main_func_sp                                                         
2001ce68  _IPReasmPtr                                                          
2001ce78  ti_sysbios_family_arm_m3_Hwi_Module_State_0_excContext__A            
2001ce7c  ti_sysbios_family_arm_m3_Hwi_Module_State_0_excStack__A              
2001ce80  ti_sysbios_gates_GateHwi_Object__table__V                            
2001ce84  ti_sysbios_knl_Task_Module_State_0_idleTask__A                       
2001ce88  xdc_runtime_Memory_Module__state__V                                  
2001ce90  __stack                                                              
2001d690  __STACK_END                                                          
e000e000  ti_sysbios_family_arm_m3_Hwi_nvic                                    
ffffffff  __TI_pprof_out_hndl                                                  
ffffffff  __TI_prof_data_size                                                  
ffffffff  __TI_prof_data_start                                                 
ffffffff  __binit__                                                            
ffffffff  __c_args__                                                           
ffffffff  binit                                                                
UNDEFED   SHT$$INIT_ARRAY$$Base                                                
UNDEFED   SHT$$INIT_ARRAY$$Limit                                               

[1157 symbols]
